[2024-04-08T13:34:09.265+0100][gc,init] CardTable entry size: 512
[2024-04-08T13:34:09.265+0100][gc     ] Using G1
[2024-04-08T13:34:09.267+0100][gc,init] Version: 21+35-LTS-2513 (release)
[2024-04-08T13:34:09.267+0100][gc,init] CPUs: 8 total, 8 available
[2024-04-08T13:34:09.267+0100][gc,init] Memory: 8192M
[2024-04-08T13:34:09.267+0100][gc,init] Large Page Support: Disabled
[2024-04-08T13:34:09.267+0100][gc,init] NUMA Support: Disabled
[2024-04-08T13:34:09.267+0100][gc,init] Compressed Oops: Enabled (Zero based)
[2024-04-08T13:34:09.267+0100][gc,init] Heap Region Size: 1M
[2024-04-08T13:34:09.267+0100][gc,init] Heap Min Capacity: 1G
[2024-04-08T13:34:09.267+0100][gc,init] Heap Initial Capacity: 1G
[2024-04-08T13:34:09.267+0100][gc,init] Heap Max Capacity: 1G
[2024-04-08T13:34:09.267+0100][gc,init] Pre-touch: Disabled
[2024-04-08T13:34:09.267+0100][gc,init] Parallel Workers: 8
[2024-04-08T13:34:09.267+0100][gc,init] Concurrent Workers: 2
[2024-04-08T13:34:09.267+0100][gc,init] Concurrent Refinement Workers: 8
[2024-04-08T13:34:09.267+0100][gc,init] Periodic GC: Disabled
[2024-04-08T13:34:09.271+0100][gc,metaspace] CDS archive(s) mapped at: [0x0000000600000000-0x0000000600ca4000-0x0000000600ca4000), size 13254656, SharedBaseAddress: 0x0000000600000000, ArchiveRelocationMode: 1.
[2024-04-08T13:34:09.271+0100][gc,metaspace] Compressed class space mapped at: 0x0000000601000000-0x0000000641000000, reserved size: 1073741824
[2024-04-08T13:34:09.271+0100][gc,metaspace] Narrow klass base: 0x0000000600000000, Narrow klass shift: 0, Narrow klass range: 0x100000000
[2024-04-08T13:34:10.319+0100][gc,start    ] GC(0) Pause Young (Normal) (G1 Evacuation Pause)
[2024-04-08T13:34:10.319+0100][gc,task     ] GC(0) Using 8 workers of 8 for evacuation
[2024-04-08T13:34:10.325+0100][gc,phases   ] GC(0)   Pre Evacuate Collection Set: 0.4ms
[2024-04-08T13:34:10.325+0100][gc,phases   ] GC(0)   Merge Heap Roots: 0.3ms
[2024-04-08T13:34:10.325+0100][gc,phases   ] GC(0)   Evacuate Collection Set: 4.3ms
[2024-04-08T13:34:10.325+0100][gc,phases   ] GC(0)   Post Evacuate Collection Set: 0.5ms
[2024-04-08T13:34:10.325+0100][gc,phases   ] GC(0)   Other: 0.3ms
[2024-04-08T13:34:10.325+0100][gc,heap     ] GC(0) Eden regions: 51->0(44)
[2024-04-08T13:34:10.325+0100][gc,heap     ] GC(0) Survivor regions: 0->7(7)
[2024-04-08T13:34:10.325+0100][gc,heap     ] GC(0) Old regions: 2->3
[2024-04-08T13:34:10.325+0100][gc,heap     ] GC(0) Humongous regions: 0->0
[2024-04-08T13:34:10.325+0100][gc,metaspace] GC(0) Metaspace: 18306K(18496K)->18306K(18496K) NonClass: 16212K(16320K)->16212K(16320K) Class: 2094K(2176K)->2094K(2176K)
[2024-04-08T13:34:10.325+0100][gc          ] GC(0) Pause Young (Normal) (G1 Evacuation Pause) 52M->8M(1024M) 6.169ms
[2024-04-08T13:34:10.325+0100][gc,cpu      ] GC(0) User=0.02s Sys=0.01s Real=0.01s
[2024-04-08T13:34:10.563+0100][gc,heap,exit] Heap
[2024-04-08T13:34:10.563+0100][gc,heap,exit]  garbage-first heap   total 1048576K, used 20050K [0x00000007c0000000, 0x0000000800000000)
[2024-04-08T13:34:10.563+0100][gc,heap,exit]   region size 1024K, 18 young (18432K), 7 survivors (7168K)
[2024-04-08T13:34:10.563+0100][gc,heap,exit]  Metaspace       used 21012K, committed 21248K, reserved 1114112K
[2024-04-08T13:34:10.563+0100][gc,heap,exit]   class space    used 2441K, committed 2560K, reserved 1048576K
