[2024-04-08T13:20:29.626+0100][gc,init] CardTable entry size: 512
[2024-04-08T13:20:29.626+0100][gc     ] Using G1
[2024-04-08T13:20:29.628+0100][gc,init] Version: 21+35-LTS-2513 (release)
[2024-04-08T13:20:29.628+0100][gc,init] CPUs: 8 total, 8 available
[2024-04-08T13:20:29.628+0100][gc,init] Memory: 8192M
[2024-04-08T13:20:29.628+0100][gc,init] Large Page Support: Disabled
[2024-04-08T13:20:29.628+0100][gc,init] NUMA Support: Disabled
[2024-04-08T13:20:29.628+0100][gc,init] Compressed Oops: Enabled (Zero based)
[2024-04-08T13:20:29.628+0100][gc,init] Heap Region Size: 1M
[2024-04-08T13:20:29.628+0100][gc,init] Heap Min Capacity: 1G
[2024-04-08T13:20:29.628+0100][gc,init] Heap Initial Capacity: 1G
[2024-04-08T13:20:29.628+0100][gc,init] Heap Max Capacity: 1G
[2024-04-08T13:20:29.628+0100][gc,init] Pre-touch: Disabled
[2024-04-08T13:20:29.628+0100][gc,init] Parallel Workers: 8
[2024-04-08T13:20:29.628+0100][gc,init] Concurrent Workers: 2
[2024-04-08T13:20:29.628+0100][gc,init] Concurrent Refinement Workers: 8
[2024-04-08T13:20:29.628+0100][gc,init] Periodic GC: Disabled
[2024-04-08T13:20:29.633+0100][gc,metaspace] CDS archive(s) mapped at: [0x000000d000000000-0x000000d000ca4000-0x000000d000ca4000), size 13254656, SharedBaseAddress: 0x000000d000000000, ArchiveRelocationMode: 1.
[2024-04-08T13:20:29.633+0100][gc,metaspace] Compressed class space mapped at: 0x000000d001000000-0x000000d041000000, reserved size: 1073741824
[2024-04-08T13:20:29.633+0100][gc,metaspace] Narrow klass base: 0x000000d000000000, Narrow klass shift: 0, Narrow klass range: 0x100000000
[2024-04-08T13:20:30.557+0100][gc,start    ] GC(0) Pause Young (Normal) (G1 Evacuation Pause)
[2024-04-08T13:20:30.557+0100][gc,task     ] GC(0) Using 8 workers of 8 for evacuation
[2024-04-08T13:20:30.569+0100][gc,phases   ] GC(0)   Pre Evacuate Collection Set: 1.4ms
[2024-04-08T13:20:30.569+0100][gc,phases   ] GC(0)   Merge Heap Roots: 0.0ms
[2024-04-08T13:20:30.569+0100][gc,phases   ] GC(0)   Evacuate Collection Set: 10.0ms
[2024-04-08T13:20:30.569+0100][gc,phases   ] GC(0)   Post Evacuate Collection Set: 0.6ms
[2024-04-08T13:20:30.569+0100][gc,phases   ] GC(0)   Other: 0.3ms
[2024-04-08T13:20:30.569+0100][gc,heap     ] GC(0) Eden regions: 51->0(44)
[2024-04-08T13:20:30.569+0100][gc,heap     ] GC(0) Survivor regions: 0->7(7)
[2024-04-08T13:20:30.569+0100][gc,heap     ] GC(0) Old regions: 2->3
[2024-04-08T13:20:30.569+0100][gc,heap     ] GC(0) Humongous regions: 0->0
[2024-04-08T13:20:30.569+0100][gc,metaspace] GC(0) Metaspace: 18293K(18496K)->18293K(18496K) NonClass: 16200K(16320K)->16200K(16320K) Class: 2093K(2176K)->2093K(2176K)
[2024-04-08T13:20:30.569+0100][gc          ] GC(0) Pause Young (Normal) (G1 Evacuation Pause) 52M->8M(1024M) 12.523ms
[2024-04-08T13:20:30.569+0100][gc,cpu      ] GC(0) User=0.02s Sys=0.01s Real=0.01s
[2024-04-08T13:20:30.722+0100][gc,start    ] GC(1) Pause Young (Concurrent Start) (Metadata GC Threshold)
[2024-04-08T13:20:30.722+0100][gc,task     ] GC(1) Using 8 workers of 8 for evacuation
[2024-04-08T13:20:30.727+0100][gc,phases   ] GC(1)   Pre Evacuate Collection Set: 0.8ms
[2024-04-08T13:20:30.727+0100][gc,phases   ] GC(1)   Merge Heap Roots: 0.0ms
[2024-04-08T13:20:30.727+0100][gc,phases   ] GC(1)   Evacuate Collection Set: 3.2ms
[2024-04-08T13:20:30.727+0100][gc,phases   ] GC(1)   Post Evacuate Collection Set: 0.3ms
[2024-04-08T13:20:30.727+0100][gc,phases   ] GC(1)   Other: 0.0ms
[2024-04-08T13:20:30.727+0100][gc,heap     ] GC(1) Eden regions: 12->0(49)
[2024-04-08T13:20:30.727+0100][gc,heap     ] GC(1) Survivor regions: 7->2(7)
[2024-04-08T13:20:30.727+0100][gc,heap     ] GC(1) Old regions: 3->10
[2024-04-08T13:20:30.727+0100][gc,heap     ] GC(1) Humongous regions: 0->0
[2024-04-08T13:20:30.727+0100][gc,metaspace] GC(1) Metaspace: 21248K(21504K)->21248K(21504K) NonClass: 18766K(18880K)->18766K(18880K) Class: 2482K(2624K)->2482K(2624K)
[2024-04-08T13:20:30.727+0100][gc          ] GC(1) Pause Young (Concurrent Start) (Metadata GC Threshold) 19M->9M(1024M) 4.521ms
[2024-04-08T13:20:30.727+0100][gc,cpu      ] GC(1) User=0.02s Sys=0.00s Real=0.00s
[2024-04-08T13:20:30.727+0100][gc          ] GC(2) Concurrent Mark Cycle
[2024-04-08T13:20:30.727+0100][gc,marking  ] GC(2) Concurrent Scan Root Regions
[2024-04-08T13:20:30.729+0100][gc,marking  ] GC(2) Concurrent Scan Root Regions 2.066ms
[2024-04-08T13:20:30.729+0100][gc,marking  ] GC(2) Concurrent Mark
[2024-04-08T13:20:30.729+0100][gc,marking  ] GC(2) Concurrent Mark From Roots
[2024-04-08T13:20:30.729+0100][gc,task     ] GC(2) Using 2 workers of 2 for marking
[2024-04-08T13:20:30.731+0100][gc,marking  ] GC(2) Concurrent Mark From Roots 1.707ms
[2024-04-08T13:20:30.731+0100][gc,marking  ] GC(2) Concurrent Preclean
[2024-04-08T13:20:30.731+0100][gc,marking  ] GC(2) Concurrent Preclean 0.015ms
[2024-04-08T13:20:30.731+0100][gc,start    ] GC(2) Pause Remark
[2024-04-08T13:20:30.733+0100][gc          ] GC(2) Pause Remark 10M->10M(1024M) 1.845ms
[2024-04-08T13:20:30.733+0100][gc,cpu      ] GC(2) User=0.01s Sys=0.00s Real=0.00s
[2024-04-08T13:20:30.733+0100][gc,marking  ] GC(2) Concurrent Mark 3.869ms
[2024-04-08T13:20:30.733+0100][gc,marking  ] GC(2) Concurrent Rebuild Remembered Sets and Scrub Regions
[2024-04-08T13:20:30.735+0100][gc,marking  ] GC(2) Concurrent Rebuild Remembered Sets and Scrub Regions 1.934ms
[2024-04-08T13:20:30.735+0100][gc,start    ] GC(2) Pause Cleanup
[2024-04-08T13:20:30.735+0100][gc          ] GC(2) Pause Cleanup 10M->10M(1024M) 0.102ms
[2024-04-08T13:20:30.735+0100][gc,cpu      ] GC(2) User=0.00s Sys=0.00s Real=0.00s
[2024-04-08T13:20:30.735+0100][gc,marking  ] GC(2) Concurrent Clear Claimed Marks
[2024-04-08T13:20:30.735+0100][gc,marking  ] GC(2) Concurrent Clear Claimed Marks 0.010ms
[2024-04-08T13:20:30.735+0100][gc,marking  ] GC(2) Concurrent Cleanup for Next Mark
[2024-04-08T13:20:30.737+0100][gc,marking  ] GC(2) Concurrent Cleanup for Next Mark 2.027ms
[2024-04-08T13:20:30.737+0100][gc          ] GC(2) Concurrent Mark Cycle 10.194ms
[2024-04-08T13:20:31.546+0100][gc,start    ] GC(3) Pause Young (Prepare Mixed) (G1 Evacuation Pause)
[2024-04-08T13:20:31.546+0100][gc,task     ] GC(3) Using 8 workers of 8 for evacuation
[2024-04-08T13:20:31.549+0100][gc,phases   ] GC(3)   Pre Evacuate Collection Set: 0.2ms
[2024-04-08T13:20:31.549+0100][gc,phases   ] GC(3)   Merge Heap Roots: 0.0ms
[2024-04-08T13:20:31.549+0100][gc,phases   ] GC(3)   Evacuate Collection Set: 2.7ms
[2024-04-08T13:20:31.549+0100][gc,phases   ] GC(3)   Post Evacuate Collection Set: 0.4ms
[2024-04-08T13:20:31.549+0100][gc,phases   ] GC(3)   Other: 0.0ms
[2024-04-08T13:20:31.549+0100][gc,heap     ] GC(3) Eden regions: 49->0(45)
[2024-04-08T13:20:31.549+0100][gc,heap     ] GC(3) Survivor regions: 2->6(7)
[2024-04-08T13:20:31.549+0100][gc,heap     ] GC(3) Old regions: 10->10
[2024-04-08T13:20:31.549+0100][gc,heap     ] GC(3) Humongous regions: 129->129
[2024-04-08T13:20:31.550+0100][gc,metaspace] GC(3) Metaspace: 30865K(31168K)->30865K(31168K) NonClass: 27428K(27584K)->27428K(27584K) Class: 3436K(3584K)->3436K(3584K)
[2024-04-08T13:20:31.550+0100][gc          ] GC(3) Pause Young (Prepare Mixed) (G1 Evacuation Pause) 187M->143M(1024M) 3.523ms
[2024-04-08T13:20:31.550+0100][gc,cpu      ] GC(3) User=0.01s Sys=0.00s Real=0.01s
[2024-04-08T13:20:31.923+0100][gc,heap,exit] Heap
[2024-04-08T13:20:31.923+0100][gc,heap,exit]  garbage-first heap   total 1048576K, used 157755K [0x00000007c0000000, 0x0000000800000000)
[2024-04-08T13:20:31.923+0100][gc,heap,exit]   region size 1024K, 17 young (17408K), 6 survivors (6144K)
[2024-04-08T13:20:31.923+0100][gc,heap,exit]  Metaspace       used 32147K, committed 32448K, reserved 1114112K
[2024-04-08T13:20:31.923+0100][gc,heap,exit]   class space    used 3653K, committed 3776K, reserved 1048576K
