[2024-04-08T13:33:07.811+0100][gc,init] CardTable entry size: 512
[2024-04-08T13:33:07.812+0100][gc     ] Using G1
[2024-04-08T13:33:07.813+0100][gc,init] Version: 21+35-LTS-2513 (release)
[2024-04-08T13:33:07.813+0100][gc,init] CPUs: 8 total, 8 available
[2024-04-08T13:33:07.813+0100][gc,init] Memory: 8192M
[2024-04-08T13:33:07.813+0100][gc,init] Large Page Support: Disabled
[2024-04-08T13:33:07.813+0100][gc,init] NUMA Support: Disabled
[2024-04-08T13:33:07.813+0100][gc,init] Compressed Oops: Enabled (Zero based)
[2024-04-08T13:33:07.813+0100][gc,init] Heap Region Size: 1M
[2024-04-08T13:33:07.813+0100][gc,init] Heap Min Capacity: 1G
[2024-04-08T13:33:07.813+0100][gc,init] Heap Initial Capacity: 1G
[2024-04-08T13:33:07.813+0100][gc,init] Heap Max Capacity: 1G
[2024-04-08T13:33:07.813+0100][gc,init] Pre-touch: Disabled
[2024-04-08T13:33:07.813+0100][gc,init] Parallel Workers: 8
[2024-04-08T13:33:07.813+0100][gc,init] Concurrent Workers: 2
[2024-04-08T13:33:07.813+0100][gc,init] Concurrent Refinement Workers: 8
[2024-04-08T13:33:07.813+0100][gc,init] Periodic GC: Disabled
[2024-04-08T13:33:07.818+0100][gc,metaspace] CDS archive(s) mapped at: [0x0000007000000000-0x0000007000ca4000-0x0000007000ca4000), size 13254656, SharedBaseAddress: 0x0000007000000000, ArchiveRelocationMode: 1.
[2024-04-08T13:33:07.818+0100][gc,metaspace] Compressed class space mapped at: 0x0000007001000000-0x0000007041000000, reserved size: 1073741824
[2024-04-08T13:33:07.818+0100][gc,metaspace] Narrow klass base: 0x0000007000000000, Narrow klass shift: 0, Narrow klass range: 0x100000000
[2024-04-08T13:33:08.663+0100][gc,start    ] GC(0) Pause Young (Normal) (G1 Evacuation Pause)
[2024-04-08T13:33:08.663+0100][gc,task     ] GC(0) Using 8 workers of 8 for evacuation
[2024-04-08T13:33:08.666+0100][gc,phases   ] GC(0)   Pre Evacuate Collection Set: 0.4ms
[2024-04-08T13:33:08.666+0100][gc,phases   ] GC(0)   Merge Heap Roots: 0.1ms
[2024-04-08T13:33:08.666+0100][gc,phases   ] GC(0)   Evacuate Collection Set: 2.6ms
[2024-04-08T13:33:08.666+0100][gc,phases   ] GC(0)   Post Evacuate Collection Set: 0.4ms
[2024-04-08T13:33:08.666+0100][gc,phases   ] GC(0)   Other: 0.3ms
[2024-04-08T13:33:08.666+0100][gc,heap     ] GC(0) Eden regions: 51->0(44)
[2024-04-08T13:33:08.666+0100][gc,heap     ] GC(0) Survivor regions: 0->7(7)
[2024-04-08T13:33:08.666+0100][gc,heap     ] GC(0) Old regions: 2->3
[2024-04-08T13:33:08.666+0100][gc,heap     ] GC(0) Humongous regions: 0->0
[2024-04-08T13:33:08.666+0100][gc,metaspace] GC(0) Metaspace: 18314K(18560K)->18314K(18560K) NonClass: 16217K(16384K)->16217K(16384K) Class: 2096K(2176K)->2096K(2176K)
[2024-04-08T13:33:08.666+0100][gc          ] GC(0) Pause Young (Normal) (G1 Evacuation Pause) 52M->8M(1024M) 3.838ms
[2024-04-08T13:33:08.666+0100][gc,cpu      ] GC(0) User=0.02s Sys=0.00s Real=0.00s
[2024-04-08T13:33:08.790+0100][gc,start    ] GC(1) Pause Young (Concurrent Start) (Metadata GC Threshold)
[2024-04-08T13:33:08.790+0100][gc,task     ] GC(1) Using 8 workers of 8 for evacuation
[2024-04-08T13:33:08.793+0100][gc,phases   ] GC(1)   Pre Evacuate Collection Set: 0.2ms
[2024-04-08T13:33:08.793+0100][gc,phases   ] GC(1)   Merge Heap Roots: 0.0ms
[2024-04-08T13:33:08.793+0100][gc,phases   ] GC(1)   Evacuate Collection Set: 2.3ms
[2024-04-08T13:33:08.793+0100][gc,phases   ] GC(1)   Post Evacuate Collection Set: 0.2ms
[2024-04-08T13:33:08.793+0100][gc,phases   ] GC(1)   Other: 0.0ms
[2024-04-08T13:33:08.793+0100][gc,heap     ] GC(1) Eden regions: 12->0(50)
[2024-04-08T13:33:08.793+0100][gc,heap     ] GC(1) Survivor regions: 7->1(7)
[2024-04-08T13:33:08.793+0100][gc,heap     ] GC(1) Old regions: 3->10
[2024-04-08T13:33:08.793+0100][gc,heap     ] GC(1) Humongous regions: 0->0
[2024-04-08T13:33:08.793+0100][gc,metaspace] GC(1) Metaspace: 21287K(21504K)->21287K(21504K) NonClass: 18801K(18880K)->18801K(18880K) Class: 2486K(2624K)->2486K(2624K)
[2024-04-08T13:33:08.793+0100][gc          ] GC(1) Pause Young (Concurrent Start) (Metadata GC Threshold) 20M->9M(1024M) 2.999ms
[2024-04-08T13:33:08.793+0100][gc,cpu      ] GC(1) User=0.01s Sys=0.00s Real=0.00s
[2024-04-08T13:33:08.793+0100][gc          ] GC(2) Concurrent Mark Cycle
[2024-04-08T13:33:08.793+0100][gc,marking  ] GC(2) Concurrent Scan Root Regions
[2024-04-08T13:33:08.795+0100][gc,marking  ] GC(2) Concurrent Scan Root Regions 2.002ms
[2024-04-08T13:33:08.795+0100][gc,marking  ] GC(2) Concurrent Mark
[2024-04-08T13:33:08.795+0100][gc,marking  ] GC(2) Concurrent Mark From Roots
[2024-04-08T13:33:08.795+0100][gc,task     ] GC(2) Using 2 workers of 2 for marking
[2024-04-08T13:33:08.796+0100][gc,marking  ] GC(2) Concurrent Mark From Roots 1.145ms
[2024-04-08T13:33:08.796+0100][gc,marking  ] GC(2) Concurrent Preclean
[2024-04-08T13:33:08.796+0100][gc,marking  ] GC(2) Concurrent Preclean 0.008ms
[2024-04-08T13:33:08.796+0100][gc,start    ] GC(2) Pause Remark
[2024-04-08T13:33:08.798+0100][gc          ] GC(2) Pause Remark 10M->10M(1024M) 1.363ms
[2024-04-08T13:33:08.798+0100][gc,cpu      ] GC(2) User=0.00s Sys=0.00s Real=0.00s
[2024-04-08T13:33:08.798+0100][gc,marking  ] GC(2) Concurrent Mark 2.598ms
[2024-04-08T13:33:08.798+0100][gc,marking  ] GC(2) Concurrent Rebuild Remembered Sets and Scrub Regions
[2024-04-08T13:33:08.799+0100][gc,marking  ] GC(2) Concurrent Rebuild Remembered Sets and Scrub Regions 1.645ms
[2024-04-08T13:33:08.799+0100][gc,start    ] GC(2) Pause Cleanup
[2024-04-08T13:33:08.800+0100][gc          ] GC(2) Pause Cleanup 10M->10M(1024M) 0.077ms
[2024-04-08T13:33:08.800+0100][gc,cpu      ] GC(2) User=0.00s Sys=0.00s Real=0.01s
[2024-04-08T13:33:08.800+0100][gc,marking  ] GC(2) Concurrent Clear Claimed Marks
[2024-04-08T13:33:08.800+0100][gc,marking  ] GC(2) Concurrent Clear Claimed Marks 0.010ms
[2024-04-08T13:33:08.800+0100][gc,marking  ] GC(2) Concurrent Cleanup for Next Mark
[2024-04-08T13:33:08.801+0100][gc,marking  ] GC(2) Concurrent Cleanup for Next Mark 1.497ms
[2024-04-08T13:33:08.801+0100][gc          ] GC(2) Concurrent Mark Cycle 7.971ms
[2024-04-08T13:33:09.334+0100][gc,start    ] GC(3) Pause Young (Prepare Mixed) (G1 Evacuation Pause)
[2024-04-08T13:33:09.334+0100][gc,task     ] GC(3) Using 8 workers of 8 for evacuation
[2024-04-08T13:33:09.336+0100][gc,phases   ] GC(3)   Pre Evacuate Collection Set: 0.2ms
[2024-04-08T13:33:09.336+0100][gc,phases   ] GC(3)   Merge Heap Roots: 0.0ms
[2024-04-08T13:33:09.336+0100][gc,phases   ] GC(3)   Evacuate Collection Set: 2.3ms
[2024-04-08T13:33:09.337+0100][gc,phases   ] GC(3)   Post Evacuate Collection Set: 0.3ms
[2024-04-08T13:33:09.337+0100][gc,phases   ] GC(3)   Other: 0.0ms
[2024-04-08T13:33:09.337+0100][gc,heap     ] GC(3) Eden regions: 50->0(44)
[2024-04-08T13:33:09.337+0100][gc,heap     ] GC(3) Survivor regions: 1->7(7)
[2024-04-08T13:33:09.337+0100][gc,heap     ] GC(3) Old regions: 10->10
[2024-04-08T13:33:09.337+0100][gc,heap     ] GC(3) Humongous regions: 129->129
[2024-04-08T13:33:09.337+0100][gc,metaspace] GC(3) Metaspace: 31476K(31872K)->31476K(31872K) NonClass: 27969K(28160K)->27969K(28160K) Class: 3507K(3712K)->3507K(3712K)
[2024-04-08T13:33:09.337+0100][gc          ] GC(3) Pause Young (Prepare Mixed) (G1 Evacuation Pause) 188M->144M(1024M) 2.934ms
[2024-04-08T13:33:09.337+0100][gc,cpu      ] GC(3) User=0.02s Sys=0.01s Real=0.00s
[2024-04-08T13:33:09.435+0100][gc,start    ] GC(4) Pause Young (Mixed) (Metadata GC Threshold)
[2024-04-08T13:33:09.435+0100][gc,task     ] GC(4) Using 8 workers of 8 for evacuation
[2024-04-08T13:33:09.438+0100][gc,phases   ] GC(4)   Pre Evacuate Collection Set: 0.1ms
[2024-04-08T13:33:09.438+0100][gc,phases   ] GC(4)   Merge Heap Roots: 0.0ms
[2024-04-08T13:33:09.438+0100][gc,phases   ] GC(4)   Evacuate Collection Set: 2.8ms
[2024-04-08T13:33:09.438+0100][gc,phases   ] GC(4)   Post Evacuate Collection Set: 0.2ms
[2024-04-08T13:33:09.438+0100][gc,phases   ] GC(4)   Other: 0.0ms
[2024-04-08T13:33:09.438+0100][gc,heap     ] GC(4) Eden regions: 17->0(49)
[2024-04-08T13:33:09.438+0100][gc,heap     ] GC(4) Survivor regions: 7->2(7)
[2024-04-08T13:33:09.438+0100][gc,heap     ] GC(4) Old regions: 10->15
[2024-04-08T13:33:09.438+0100][gc,heap     ] GC(4) Humongous regions: 129->129
[2024-04-08T13:33:09.438+0100][gc,metaspace] GC(4) Metaspace: 35731K(36096K)->35731K(36096K) NonClass: 31817K(32000K)->31817K(32000K) Class: 3913K(4096K)->3913K(4096K)
[2024-04-08T13:33:09.438+0100][gc          ] GC(4) Pause Young (Mixed) (Metadata GC Threshold) 160M->145M(1024M) 3.405ms
[2024-04-08T13:33:09.438+0100][gc,cpu      ] GC(4) User=0.02s Sys=0.00s Real=0.00s
[2024-04-08T13:33:09.453+0100][gc,start    ] GC(5) Pause Young (Concurrent Start) (Metadata GC Threshold)
[2024-04-08T13:33:09.453+0100][gc,task     ] GC(5) Using 8 workers of 8 for evacuation
[2024-04-08T13:33:09.454+0100][gc,phases   ] GC(5)   Pre Evacuate Collection Set: 0.1ms
[2024-04-08T13:33:09.454+0100][gc,phases   ] GC(5)   Merge Heap Roots: 0.1ms
[2024-04-08T13:33:09.455+0100][gc,phases   ] GC(5)   Evacuate Collection Set: 0.8ms
[2024-04-08T13:33:09.455+0100][gc,phases   ] GC(5)   Post Evacuate Collection Set: 0.2ms
[2024-04-08T13:33:09.455+0100][gc,phases   ] GC(5)   Other: 0.0ms
[2024-04-08T13:33:09.455+0100][gc,heap     ] GC(5) Eden regions: 3->0(49)
[2024-04-08T13:33:09.455+0100][gc,heap     ] GC(5) Survivor regions: 2->2(7)
[2024-04-08T13:33:09.455+0100][gc,heap     ] GC(5) Old regions: 15->15
[2024-04-08T13:33:09.455+0100][gc,heap     ] GC(5) Humongous regions: 129->129
[2024-04-08T13:33:09.455+0100][gc,metaspace] GC(5) Metaspace: 36054K(36416K)->36054K(36416K) NonClass: 32069K(32256K)->32069K(32256K) Class: 3984K(4160K)->3984K(4160K)
[2024-04-08T13:33:09.455+0100][gc          ] GC(5) Pause Young (Concurrent Start) (Metadata GC Threshold) 147M->145M(1024M) 1.358ms
[2024-04-08T13:33:09.455+0100][gc          ] GC(6) Concurrent Mark Cycle
[2024-04-08T13:33:09.455+0100][gc,cpu      ] GC(5) User=0.01s Sys=0.00s Real=0.00s
[2024-04-08T13:33:09.455+0100][gc,marking  ] GC(6) Concurrent Scan Root Regions
[2024-04-08T13:33:09.456+0100][gc,marking  ] GC(6) Concurrent Scan Root Regions 1.004ms
[2024-04-08T13:33:09.456+0100][gc,marking  ] GC(6) Concurrent Mark
[2024-04-08T13:33:09.456+0100][gc,marking  ] GC(6) Concurrent Mark From Roots
[2024-04-08T13:33:09.456+0100][gc,task     ] GC(6) Using 2 workers of 2 for marking
[2024-04-08T13:33:09.465+0100][gc,marking  ] GC(6) Concurrent Mark From Roots 8.984ms
[2024-04-08T13:33:09.465+0100][gc,marking  ] GC(6) Concurrent Preclean
[2024-04-08T13:33:09.465+0100][gc,marking  ] GC(6) Concurrent Preclean 0.048ms
[2024-04-08T13:33:09.465+0100][gc,start    ] GC(6) Pause Remark
[2024-04-08T13:33:09.466+0100][gc          ] GC(6) Pause Remark 147M->147M(1024M) 1.193ms
[2024-04-08T13:33:09.468+0100][gc,cpu      ] GC(6) User=0.01s Sys=0.00s Real=0.00s
[2024-04-08T13:33:09.468+0100][gc,marking  ] GC(6) Concurrent Mark 12.029ms
[2024-04-08T13:33:09.468+0100][gc,marking  ] GC(6) Concurrent Rebuild Remembered Sets and Scrub Regions
[2024-04-08T13:33:09.472+0100][gc,marking  ] GC(6) Concurrent Rebuild Remembered Sets and Scrub Regions 4.079ms
[2024-04-08T13:33:09.472+0100][gc,start    ] GC(6) Pause Cleanup
[2024-04-08T13:33:09.472+0100][gc          ] GC(6) Pause Cleanup 147M->147M(1024M) 0.097ms
[2024-04-08T13:33:09.472+0100][gc,cpu      ] GC(6) User=0.00s Sys=0.00s Real=0.00s
[2024-04-08T13:33:09.472+0100][gc,marking  ] GC(6) Concurrent Clear Claimed Marks
[2024-04-08T13:33:09.472+0100][gc,marking  ] GC(6) Concurrent Clear Claimed Marks 0.013ms
[2024-04-08T13:33:09.472+0100][gc,marking  ] GC(6) Concurrent Cleanup for Next Mark
[2024-04-08T13:33:09.473+0100][gc,marking  ] GC(6) Concurrent Cleanup for Next Mark 0.997ms
[2024-04-08T13:33:09.473+0100][gc          ] GC(6) Concurrent Mark Cycle 18.518ms
