[2023-12-05T21:23:48.325+0000][gc,init] CardTable entry size: 512
[2023-12-05T21:23:48.325+0000][gc     ] Using G1
[2023-12-05T21:23:48.327+0000][gc,init] Version: 21+35-LTS-2513 (release)
[2023-12-05T21:23:48.327+0000][gc,init] CPUs: 8 total, 8 available
[2023-12-05T21:23:48.327+0000][gc,init] Memory: 8192M
[2023-12-05T21:23:48.327+0000][gc,init] Large Page Support: Disabled
[2023-12-05T21:23:48.327+0000][gc,init] NUMA Support: Disabled
[2023-12-05T21:23:48.327+0000][gc,init] Compressed Oops: Enabled (Zero based)
[2023-12-05T21:23:48.327+0000][gc,init] Heap Region Size: 1M
[2023-12-05T21:23:48.327+0000][gc,init] Heap Min Capacity: 1G
[2023-12-05T21:23:48.327+0000][gc,init] Heap Initial Capacity: 1G
[2023-12-05T21:23:48.327+0000][gc,init] Heap Max Capacity: 1G
[2023-12-05T21:23:48.327+0000][gc,init] Pre-touch: Disabled
[2023-12-05T21:23:48.327+0000][gc,init] Parallel Workers: 8
[2023-12-05T21:23:48.327+0000][gc,init] Concurrent Workers: 2
[2023-12-05T21:23:48.327+0000][gc,init] Concurrent Refinement Workers: 8
[2023-12-05T21:23:48.327+0000][gc,init] Periodic GC: Disabled
[2023-12-05T21:23:48.331+0000][gc,metaspace] CDS archive(s) mapped at: [0x0000007000000000-0x0000007000ca4000-0x0000007000ca4000), size 13254656, SharedBaseAddress: 0x0000007000000000, ArchiveRelocationMode: 1.
[2023-12-05T21:23:48.331+0000][gc,metaspace] Compressed class space mapped at: 0x0000007001000000-0x0000007041000000, reserved size: 1073741824
[2023-12-05T21:23:48.332+0000][gc,metaspace] Narrow klass base: 0x0000007000000000, Narrow klass shift: 0, Narrow klass range: 0x100000000
[2023-12-05T21:23:49.206+0000][gc,start    ] GC(0) Pause Young (Normal) (G1 Evacuation Pause)
[2023-12-05T21:23:49.206+0000][gc,task     ] GC(0) Using 8 workers of 8 for evacuation
[2023-12-05T21:23:49.209+0000][gc,phases   ] GC(0)   Pre Evacuate Collection Set: 0.1ms
[2023-12-05T21:23:49.210+0000][gc,phases   ] GC(0)   Merge Heap Roots: 0.0ms
[2023-12-05T21:23:49.210+0000][gc,phases   ] GC(0)   Evacuate Collection Set: 2.8ms
[2023-12-05T21:23:49.210+0000][gc,phases   ] GC(0)   Post Evacuate Collection Set: 0.4ms
[2023-12-05T21:23:49.210+0000][gc,phases   ] GC(0)   Other: 0.2ms
[2023-12-05T21:23:49.210+0000][gc,heap     ] GC(0) Eden regions: 51->0(44)
[2023-12-05T21:23:49.210+0000][gc,heap     ] GC(0) Survivor regions: 0->7(7)
[2023-12-05T21:23:49.210+0000][gc,heap     ] GC(0) Old regions: 2->3
[2023-12-05T21:23:49.210+0000][gc,heap     ] GC(0) Humongous regions: 0->0
[2023-12-05T21:23:49.210+0000][gc,metaspace] GC(0) Metaspace: 18301K(18496K)->18301K(18496K) NonClass: 16207K(16320K)->16207K(16320K) Class: 2093K(2176K)->2093K(2176K)
[2023-12-05T21:23:49.210+0000][gc          ] GC(0) Pause Young (Normal) (G1 Evacuation Pause) 52M->8M(1024M) 3.772ms
[2023-12-05T21:23:49.210+0000][gc,cpu      ] GC(0) User=0.02s Sys=0.00s Real=0.01s
[2023-12-05T21:23:49.333+0000][gc,start    ] GC(1) Pause Young (Concurrent Start) (Metadata GC Threshold)
[2023-12-05T21:23:49.333+0000][gc,task     ] GC(1) Using 8 workers of 8 for evacuation
[2023-12-05T21:23:49.337+0000][gc,phases   ] GC(1)   Pre Evacuate Collection Set: 0.5ms
[2023-12-05T21:23:49.337+0000][gc,phases   ] GC(1)   Merge Heap Roots: 0.0ms
[2023-12-05T21:23:49.337+0000][gc,phases   ] GC(1)   Evacuate Collection Set: 2.8ms
[2023-12-05T21:23:49.337+0000][gc,phases   ] GC(1)   Post Evacuate Collection Set: 0.2ms
[2023-12-05T21:23:49.337+0000][gc,phases   ] GC(1)   Other: 0.0ms
[2023-12-05T21:23:49.337+0000][gc,heap     ] GC(1) Eden regions: 12->0(49)
[2023-12-05T21:23:49.337+0000][gc,heap     ] GC(1) Survivor regions: 7->2(7)
[2023-12-05T21:23:49.337+0000][gc,heap     ] GC(1) Old regions: 3->10
[2023-12-05T21:23:49.337+0000][gc,heap     ] GC(1) Humongous regions: 0->0
[2023-12-05T21:23:49.337+0000][gc,metaspace] GC(1) Metaspace: 21252K(21504K)->21252K(21504K) NonClass: 18769K(18880K)->18769K(18880K) Class: 2482K(2624K)->2482K(2624K)
[2023-12-05T21:23:49.337+0000][gc          ] GC(1) Pause Young (Concurrent Start) (Metadata GC Threshold) 19M->9M(1024M) 3.737ms
[2023-12-05T21:23:49.337+0000][gc,cpu      ] GC(1) User=0.01s Sys=0.00s Real=0.00s
[2023-12-05T21:23:49.337+0000][gc          ] GC(2) Concurrent Mark Cycle
[2023-12-05T21:23:49.337+0000][gc,marking  ] GC(2) Concurrent Scan Root Regions
[2023-12-05T21:23:49.339+0000][gc,marking  ] GC(2) Concurrent Scan Root Regions 1.886ms
[2023-12-05T21:23:49.339+0000][gc,marking  ] GC(2) Concurrent Mark
[2023-12-05T21:23:49.339+0000][gc,marking  ] GC(2) Concurrent Mark From Roots
[2023-12-05T21:23:49.339+0000][gc,task     ] GC(2) Using 2 workers of 2 for marking
[2023-12-05T21:23:49.340+0000][gc,marking  ] GC(2) Concurrent Mark From Roots 1.016ms
[2023-12-05T21:23:49.340+0000][gc,marking  ] GC(2) Concurrent Preclean
[2023-12-05T21:23:49.340+0000][gc,marking  ] GC(2) Concurrent Preclean 0.007ms
[2023-12-05T21:23:49.340+0000][gc,start    ] GC(2) Pause Remark
[2023-12-05T21:23:49.341+0000][gc          ] GC(2) Pause Remark 10M->10M(1024M) 1.119ms
[2023-12-05T21:23:49.341+0000][gc,cpu      ] GC(2) User=0.00s Sys=0.00s Real=0.00s
[2023-12-05T21:23:49.341+0000][gc,marking  ] GC(2) Concurrent Mark 2.240ms
[2023-12-05T21:23:49.341+0000][gc,marking  ] GC(2) Concurrent Rebuild Remembered Sets and Scrub Regions
[2023-12-05T21:23:49.343+0000][gc,marking  ] GC(2) Concurrent Rebuild Remembered Sets and Scrub Regions 1.790ms
[2023-12-05T21:23:49.343+0000][gc,start    ] GC(2) Pause Cleanup
[2023-12-05T21:23:49.343+0000][gc          ] GC(2) Pause Cleanup 10M->10M(1024M) 0.076ms
[2023-12-05T21:23:49.343+0000][gc,cpu      ] GC(2) User=0.00s Sys=0.00s Real=0.00s
[2023-12-05T21:23:49.343+0000][gc,marking  ] GC(2) Concurrent Clear Claimed Marks
[2023-12-05T21:23:49.343+0000][gc,marking  ] GC(2) Concurrent Clear Claimed Marks 0.011ms
[2023-12-05T21:23:49.343+0000][gc,marking  ] GC(2) Concurrent Cleanup for Next Mark
[2023-12-05T21:23:49.345+0000][gc,marking  ] GC(2) Concurrent Cleanup for Next Mark 1.395ms
[2023-12-05T21:23:49.345+0000][gc          ] GC(2) Concurrent Mark Cycle 7.558ms
[2023-12-05T21:23:50.030+0000][gc,start    ] GC(3) Pause Young (Prepare Mixed) (G1 Evacuation Pause)
[2023-12-05T21:23:50.030+0000][gc,task     ] GC(3) Using 8 workers of 8 for evacuation
[2023-12-05T21:23:50.034+0000][gc,phases   ] GC(3)   Pre Evacuate Collection Set: 0.1ms
[2023-12-05T21:23:50.034+0000][gc,phases   ] GC(3)   Merge Heap Roots: 0.0ms
[2023-12-05T21:23:50.034+0000][gc,phases   ] GC(3)   Evacuate Collection Set: 3.5ms
[2023-12-05T21:23:50.034+0000][gc,phases   ] GC(3)   Post Evacuate Collection Set: 0.3ms
[2023-12-05T21:23:50.034+0000][gc,phases   ] GC(3)   Other: 0.0ms
[2023-12-05T21:23:50.034+0000][gc,heap     ] GC(3) Eden regions: 49->0(45)
[2023-12-05T21:23:50.034+0000][gc,heap     ] GC(3) Survivor regions: 2->6(7)
[2023-12-05T21:23:50.034+0000][gc,heap     ] GC(3) Old regions: 10->10
[2023-12-05T21:23:50.034+0000][gc,heap     ] GC(3) Humongous regions: 129->129
[2023-12-05T21:23:50.034+0000][gc,metaspace] GC(3) Metaspace: 30851K(31168K)->30851K(31168K) NonClass: 27415K(27584K)->27415K(27584K) Class: 3435K(3584K)->3435K(3584K)
[2023-12-05T21:23:50.034+0000][gc          ] GC(3) Pause Young (Prepare Mixed) (G1 Evacuation Pause) 187M->143M(1024M) 4.113ms
[2023-12-05T21:23:50.034+0000][gc,cpu      ] GC(3) User=0.01s Sys=0.01s Real=0.00s
[2023-12-05T21:23:50.467+0000][gc,heap,exit] Heap
[2023-12-05T21:23:50.467+0000][gc,heap,exit]  garbage-first heap   total 1048576K, used 157693K [0x00000007c0000000, 0x0000000800000000)
[2023-12-05T21:23:50.467+0000][gc,heap,exit]   region size 1024K, 17 young (17408K), 6 survivors (6144K)
[2023-12-05T21:23:50.467+0000][gc,heap,exit]  Metaspace       used 32176K, committed 32512K, reserved 1114112K
[2023-12-05T21:23:50.467+0000][gc,heap,exit]   class space    used 3656K, committed 3776K, reserved 1048576K
