[2023-12-04T13:29:23.376+0000][gc,init] CardTable entry size: 512
[2023-12-04T13:29:23.376+0000][gc     ] Using G1
[2023-12-04T13:29:23.378+0000][gc,init] Version: 21+35-LTS-2513 (release)
[2023-12-04T13:29:23.378+0000][gc,init] CPUs: 8 total, 8 available
[2023-12-04T13:29:23.378+0000][gc,init] Memory: 8192M
[2023-12-04T13:29:23.378+0000][gc,init] Large Page Support: Disabled
[2023-12-04T13:29:23.378+0000][gc,init] NUMA Support: Disabled
[2023-12-04T13:29:23.378+0000][gc,init] Compressed Oops: Enabled (Zero based)
[2023-12-04T13:29:23.378+0000][gc,init] Heap Region Size: 1M
[2023-12-04T13:29:23.378+0000][gc,init] Heap Min Capacity: 1G
[2023-12-04T13:29:23.378+0000][gc,init] Heap Initial Capacity: 1G
[2023-12-04T13:29:23.378+0000][gc,init] Heap Max Capacity: 1G
[2023-12-04T13:29:23.378+0000][gc,init] Pre-touch: Disabled
[2023-12-04T13:29:23.378+0000][gc,init] Parallel Workers: 8
[2023-12-04T13:29:23.378+0000][gc,init] Concurrent Workers: 2
[2023-12-04T13:29:23.378+0000][gc,init] Concurrent Refinement Workers: 8
[2023-12-04T13:29:23.378+0000][gc,init] Periodic GC: Disabled
[2023-12-04T13:29:23.383+0000][gc,metaspace] CDS archive(s) mapped at: [0x0000007000000000-0x0000007000ca4000-0x0000007000ca4000), size 13254656, SharedBaseAddress: 0x0000007000000000, ArchiveRelocationMode: 1.
[2023-12-04T13:29:23.383+0000][gc,metaspace] Compressed class space mapped at: 0x0000007001000000-0x0000007041000000, reserved size: 1073741824
[2023-12-04T13:29:23.383+0000][gc,metaspace] Narrow klass base: 0x0000007000000000, Narrow klass shift: 0, Narrow klass range: 0x100000000
[2023-12-04T13:29:24.276+0000][gc,start    ] GC(0) Pause Young (Normal) (G1 Evacuation Pause)
[2023-12-04T13:29:24.276+0000][gc,task     ] GC(0) Using 8 workers of 8 for evacuation
[2023-12-04T13:29:24.280+0000][gc,phases   ] GC(0)   Pre Evacuate Collection Set: 0.3ms
[2023-12-04T13:29:24.280+0000][gc,phases   ] GC(0)   Merge Heap Roots: 0.1ms
[2023-12-04T13:29:24.280+0000][gc,phases   ] GC(0)   Evacuate Collection Set: 2.9ms
[2023-12-04T13:29:24.280+0000][gc,phases   ] GC(0)   Post Evacuate Collection Set: 0.3ms
[2023-12-04T13:29:24.280+0000][gc,phases   ] GC(0)   Other: 0.2ms
[2023-12-04T13:29:24.280+0000][gc,heap     ] GC(0) Eden regions: 51->0(44)
[2023-12-04T13:29:24.280+0000][gc,heap     ] GC(0) Survivor regions: 0->7(7)
[2023-12-04T13:29:24.280+0000][gc,heap     ] GC(0) Old regions: 2->3
[2023-12-04T13:29:24.280+0000][gc,heap     ] GC(0) Humongous regions: 0->0
[2023-12-04T13:29:24.280+0000][gc,metaspace] GC(0) Metaspace: 18319K(18496K)->18319K(18496K) NonClass: 16222K(16320K)->16222K(16320K) Class: 2096K(2176K)->2096K(2176K)
[2023-12-04T13:29:24.280+0000][gc          ] GC(0) Pause Young (Normal) (G1 Evacuation Pause) 52M->8M(1024M) 4.080ms
[2023-12-04T13:29:24.280+0000][gc,cpu      ] GC(0) User=0.02s Sys=0.01s Real=0.01s
[2023-12-04T13:29:24.419+0000][gc,start    ] GC(1) Pause Young (Concurrent Start) (Metadata GC Threshold)
[2023-12-04T13:29:24.419+0000][gc,task     ] GC(1) Using 8 workers of 8 for evacuation
[2023-12-04T13:29:24.421+0000][gc,phases   ] GC(1)   Pre Evacuate Collection Set: 0.2ms
[2023-12-04T13:29:24.421+0000][gc,phases   ] GC(1)   Merge Heap Roots: 0.0ms
[2023-12-04T13:29:24.421+0000][gc,phases   ] GC(1)   Evacuate Collection Set: 2.1ms
[2023-12-04T13:29:24.421+0000][gc,phases   ] GC(1)   Post Evacuate Collection Set: 0.2ms
[2023-12-04T13:29:24.421+0000][gc,phases   ] GC(1)   Other: 0.0ms
[2023-12-04T13:29:24.421+0000][gc,heap     ] GC(1) Eden regions: 12->0(49)
[2023-12-04T13:29:24.421+0000][gc,heap     ] GC(1) Survivor regions: 7->2(7)
[2023-12-04T13:29:24.421+0000][gc,heap     ] GC(1) Old regions: 3->10
[2023-12-04T13:29:24.421+0000][gc,heap     ] GC(1) Humongous regions: 0->0
[2023-12-04T13:29:24.422+0000][gc,metaspace] GC(1) Metaspace: 21273K(21504K)->21273K(21504K) NonClass: 18792K(18880K)->18792K(18880K) Class: 2481K(2624K)->2481K(2624K)
[2023-12-04T13:29:24.422+0000][gc          ] GC(1) Pause Young (Concurrent Start) (Metadata GC Threshold) 20M->10M(1024M) 2.730ms
[2023-12-04T13:29:24.422+0000][gc,cpu      ] GC(1) User=0.01s Sys=0.00s Real=0.01s
[2023-12-04T13:29:24.422+0000][gc          ] GC(2) Concurrent Mark Cycle
[2023-12-04T13:29:24.422+0000][gc,marking  ] GC(2) Concurrent Scan Root Regions
[2023-12-04T13:29:24.423+0000][gc,marking  ] GC(2) Concurrent Scan Root Regions 1.726ms
[2023-12-04T13:29:24.423+0000][gc,marking  ] GC(2) Concurrent Mark
[2023-12-04T13:29:24.423+0000][gc,marking  ] GC(2) Concurrent Mark From Roots
[2023-12-04T13:29:24.423+0000][gc,task     ] GC(2) Using 2 workers of 2 for marking
[2023-12-04T13:29:24.424+0000][gc,marking  ] GC(2) Concurrent Mark From Roots 1.024ms
[2023-12-04T13:29:24.424+0000][gc,marking  ] GC(2) Concurrent Preclean
[2023-12-04T13:29:24.424+0000][gc,marking  ] GC(2) Concurrent Preclean 0.008ms
[2023-12-04T13:29:24.424+0000][gc,start    ] GC(2) Pause Remark
[2023-12-04T13:29:24.425+0000][gc          ] GC(2) Pause Remark 11M->11M(1024M) 0.982ms
[2023-12-04T13:29:24.425+0000][gc,cpu      ] GC(2) User=0.01s Sys=0.00s Real=0.00s
[2023-12-04T13:29:24.425+0000][gc,marking  ] GC(2) Concurrent Mark 2.117ms
[2023-12-04T13:29:24.425+0000][gc,marking  ] GC(2) Concurrent Rebuild Remembered Sets and Scrub Regions
[2023-12-04T13:29:24.427+0000][gc,marking  ] GC(2) Concurrent Rebuild Remembered Sets and Scrub Regions 1.653ms
[2023-12-04T13:29:24.427+0000][gc,start    ] GC(2) Pause Cleanup
[2023-12-04T13:29:24.427+0000][gc          ] GC(2) Pause Cleanup 11M->11M(1024M) 0.109ms
[2023-12-04T13:29:24.427+0000][gc,cpu      ] GC(2) User=0.00s Sys=0.00s Real=0.00s
[2023-12-04T13:29:24.427+0000][gc,marking  ] GC(2) Concurrent Clear Claimed Marks
[2023-12-04T13:29:24.427+0000][gc,marking  ] GC(2) Concurrent Clear Claimed Marks 0.010ms
[2023-12-04T13:29:24.427+0000][gc,marking  ] GC(2) Concurrent Cleanup for Next Mark
[2023-12-04T13:29:24.430+0000][gc,marking  ] GC(2) Concurrent Cleanup for Next Mark 2.097ms
[2023-12-04T13:29:24.430+0000][gc          ] GC(2) Concurrent Mark Cycle 7.971ms
[2023-12-04T13:29:24.928+0000][gc,start    ] GC(3) Pause Young (Prepare Mixed) (G1 Evacuation Pause)
[2023-12-04T13:29:24.928+0000][gc,task     ] GC(3) Using 8 workers of 8 for evacuation
[2023-12-04T13:29:24.931+0000][gc,phases   ] GC(3)   Pre Evacuate Collection Set: 0.2ms
[2023-12-04T13:29:24.931+0000][gc,phases   ] GC(3)   Merge Heap Roots: 0.0ms
[2023-12-04T13:29:24.931+0000][gc,phases   ] GC(3)   Evacuate Collection Set: 2.3ms
[2023-12-04T13:29:24.931+0000][gc,phases   ] GC(3)   Post Evacuate Collection Set: 0.3ms
[2023-12-04T13:29:24.931+0000][gc,phases   ] GC(3)   Other: 0.0ms
[2023-12-04T13:29:24.931+0000][gc,heap     ] GC(3) Eden regions: 49->0(44)
[2023-12-04T13:29:24.931+0000][gc,heap     ] GC(3) Survivor regions: 2->7(7)
[2023-12-04T13:29:24.931+0000][gc,heap     ] GC(3) Old regions: 10->10
[2023-12-04T13:29:24.931+0000][gc,heap     ] GC(3) Humongous regions: 129->129
[2023-12-04T13:29:24.931+0000][gc,metaspace] GC(3) Metaspace: 31777K(32064K)->31777K(32064K) NonClass: 28307K(28480K)->28307K(28480K) Class: 3470K(3584K)->3470K(3584K)
[2023-12-04T13:29:24.931+0000][gc          ] GC(3) Pause Young (Prepare Mixed) (G1 Evacuation Pause) 188M->144M(1024M) 2.968ms
[2023-12-04T13:29:24.931+0000][gc,cpu      ] GC(3) User=0.02s Sys=0.00s Real=0.01s
[2023-12-04T13:29:25.112+0000][gc,start    ] GC(4) Pause Young (Mixed) (Metadata GC Threshold)
[2023-12-04T13:29:25.112+0000][gc,task     ] GC(4) Using 8 workers of 8 for evacuation
[2023-12-04T13:29:25.115+0000][gc,phases   ] GC(4)   Pre Evacuate Collection Set: 0.2ms
[2023-12-04T13:29:25.115+0000][gc,phases   ] GC(4)   Merge Heap Roots: 0.0ms
[2023-12-04T13:29:25.115+0000][gc,phases   ] GC(4)   Evacuate Collection Set: 2.9ms
[2023-12-04T13:29:25.115+0000][gc,phases   ] GC(4)   Post Evacuate Collection Set: 0.3ms
[2023-12-04T13:29:25.115+0000][gc,phases   ] GC(4)   Other: 0.0ms
[2023-12-04T13:29:25.115+0000][gc,heap     ] GC(4) Eden regions: 17->0(49)
[2023-12-04T13:29:25.115+0000][gc,heap     ] GC(4) Survivor regions: 7->2(7)
[2023-12-04T13:29:25.115+0000][gc,heap     ] GC(4) Old regions: 10->16
[2023-12-04T13:29:25.115+0000][gc,heap     ] GC(4) Humongous regions: 129->129
[2023-12-04T13:29:25.115+0000][gc,metaspace] GC(4) Metaspace: 35751K(36096K)->35751K(36096K) NonClass: 31824K(32000K)->31824K(32000K) Class: 3926K(4096K)->3926K(4096K)
[2023-12-04T13:29:25.115+0000][gc          ] GC(4) Pause Young (Mixed) (Metadata GC Threshold) 160M->145M(1024M) 3.497ms
[2023-12-04T13:29:25.115+0000][gc,cpu      ] GC(4) User=0.01s Sys=0.00s Real=0.00s
[2023-12-04T13:29:25.126+0000][gc,start    ] GC(5) Pause Young (Concurrent Start) (Metadata GC Threshold)
[2023-12-04T13:29:25.126+0000][gc,task     ] GC(5) Using 8 workers of 8 for evacuation
[2023-12-04T13:29:25.127+0000][gc,phases   ] GC(5)   Pre Evacuate Collection Set: 0.2ms
[2023-12-04T13:29:25.127+0000][gc,phases   ] GC(5)   Merge Heap Roots: 0.0ms
[2023-12-04T13:29:25.127+0000][gc,phases   ] GC(5)   Evacuate Collection Set: 0.6ms
[2023-12-04T13:29:25.127+0000][gc,phases   ] GC(5)   Post Evacuate Collection Set: 0.2ms
[2023-12-04T13:29:25.127+0000][gc,phases   ] GC(5)   Other: 0.0ms
[2023-12-04T13:29:25.127+0000][gc,heap     ] GC(5) Eden regions: 2->0(49)
[2023-12-04T13:29:25.127+0000][gc,heap     ] GC(5) Survivor regions: 2->2(7)
[2023-12-04T13:29:25.127+0000][gc,heap     ] GC(5) Old regions: 16->16
[2023-12-04T13:29:25.127+0000][gc,heap     ] GC(5) Humongous regions: 129->129
[2023-12-04T13:29:25.127+0000][gc,metaspace] GC(5) Metaspace: 36069K(36416K)->36069K(36416K) NonClass: 32101K(32256K)->32101K(32256K) Class: 3967K(4160K)->3967K(4160K)
[2023-12-04T13:29:25.127+0000][gc          ] GC(5) Pause Young (Concurrent Start) (Metadata GC Threshold) 147M->145M(1024M) 1.096ms
[2023-12-04T13:29:25.127+0000][gc,cpu      ] GC(5) User=0.00s Sys=0.00s Real=0.00s
[2023-12-04T13:29:25.127+0000][gc          ] GC(6) Concurrent Mark Cycle
[2023-12-04T13:29:25.127+0000][gc,marking  ] GC(6) Concurrent Scan Root Regions
[2023-12-04T13:29:25.128+0000][gc,marking  ] GC(6) Concurrent Scan Root Regions 0.828ms
[2023-12-04T13:29:25.128+0000][gc,marking  ] GC(6) Concurrent Mark
[2023-12-04T13:29:25.128+0000][gc,marking  ] GC(6) Concurrent Mark From Roots
[2023-12-04T13:29:25.128+0000][gc,task     ] GC(6) Using 2 workers of 2 for marking
[2023-12-04T13:29:25.136+0000][gc,marking  ] GC(6) Concurrent Mark From Roots 7.772ms
[2023-12-04T13:29:25.136+0000][gc,marking  ] GC(6) Concurrent Preclean
[2023-12-04T13:29:25.136+0000][gc,marking  ] GC(6) Concurrent Preclean 0.029ms
[2023-12-04T13:29:25.136+0000][gc,start    ] GC(6) Pause Remark
[2023-12-04T13:29:25.137+0000][gc          ] GC(6) Pause Remark 146M->146M(1024M) 1.126ms
[2023-12-04T13:29:25.137+0000][gc,cpu      ] GC(6) User=0.01s Sys=0.00s Real=0.00s
[2023-12-04T13:29:25.137+0000][gc,marking  ] GC(6) Concurrent Mark 9.088ms
[2023-12-04T13:29:25.137+0000][gc,marking  ] GC(6) Concurrent Rebuild Remembered Sets and Scrub Regions
[2023-12-04T13:29:25.141+0000][gc,marking  ] GC(6) Concurrent Rebuild Remembered Sets and Scrub Regions 3.819ms
[2023-12-04T13:29:25.141+0000][gc,start    ] GC(6) Pause Cleanup
[2023-12-04T13:29:25.141+0000][gc          ] GC(6) Pause Cleanup 147M->147M(1024M) 0.098ms
[2023-12-04T13:29:25.141+0000][gc,cpu      ] GC(6) User=0.00s Sys=0.00s Real=0.00s
[2023-12-04T13:29:25.141+0000][gc,marking  ] GC(6) Concurrent Clear Claimed Marks
[2023-12-04T13:29:25.141+0000][gc,marking  ] GC(6) Concurrent Clear Claimed Marks 0.021ms
[2023-12-04T13:29:25.141+0000][gc,marking  ] GC(6) Concurrent Cleanup for Next Mark
[2023-12-04T13:29:25.143+0000][gc,marking  ] GC(6) Concurrent Cleanup for Next Mark 1.527ms
[2023-12-04T13:29:25.143+0000][gc          ] GC(6) Concurrent Mark Cycle 15.533ms
[2023-12-04T13:45:34.675+0000][gc,start    ] GC(7) Pause Young (Prepare Mixed) (G1 Evacuation Pause)
[2023-12-04T13:45:34.675+0000][gc,task     ] GC(7) Using 8 workers of 8 for evacuation
[2023-12-04T13:45:34.697+0000][gc,mmu      ] GC(7) MMU target violated: 21.0ms (20.0ms/21.0ms)
[2023-12-04T13:45:34.697+0000][gc,phases   ] GC(7)   Pre Evacuate Collection Set: 2.7ms
[2023-12-04T13:45:34.697+0000][gc,phases   ] GC(7)   Merge Heap Roots: 0.1ms
[2023-12-04T13:45:34.697+0000][gc,phases   ] GC(7)   Evacuate Collection Set: 18.5ms
[2023-12-04T13:45:34.697+0000][gc,phases   ] GC(7)   Post Evacuate Collection Set: 1.0ms
[2023-12-04T13:45:34.697+0000][gc,phases   ] GC(7)   Other: 0.2ms
[2023-12-04T13:45:34.697+0000][gc,heap     ] GC(7) Eden regions: 49->0(46)
[2023-12-04T13:45:34.698+0000][gc,heap     ] GC(7) Survivor regions: 2->5(7)
[2023-12-04T13:45:34.698+0000][gc,heap     ] GC(7) Old regions: 16->16
[2023-12-04T13:45:34.698+0000][gc,heap     ] GC(7) Humongous regions: 129->129
[2023-12-04T13:45:34.698+0000][gc,metaspace] GC(7) Metaspace: 41732K(42432K)->41732K(42432K) NonClass: 36757K(37184K)->36757K(37184K) Class: 4974K(5248K)->4974K(5248K)
[2023-12-04T13:45:34.698+0000][gc          ] GC(7) Pause Young (Prepare Mixed) (G1 Evacuation Pause) 194M->148M(1024M) 23.326ms
[2023-12-04T13:45:34.698+0000][gc,cpu      ] GC(7) User=0.02s Sys=0.03s Real=0.02s
[2023-12-04T13:54:17.394+0000][gc,start    ] GC(8) Pause Young (Mixed) (G1 Evacuation Pause)
[2023-12-04T13:54:17.396+0000][gc,task     ] GC(8) Using 8 workers of 8 for evacuation
[2023-12-04T13:54:17.413+0000][gc,phases   ] GC(8)   Pre Evacuate Collection Set: 0.9ms
[2023-12-04T13:54:17.413+0000][gc,phases   ] GC(8)   Merge Heap Roots: 0.3ms
[2023-12-04T13:54:17.413+0000][gc,phases   ] GC(8)   Evacuate Collection Set: 14.0ms
[2023-12-04T13:54:17.413+0000][gc,phases   ] GC(8)   Post Evacuate Collection Set: 0.8ms
[2023-12-04T13:54:17.413+0000][gc,phases   ] GC(8)   Other: 1.0ms
[2023-12-04T13:54:17.413+0000][gc,heap     ] GC(8) Eden regions: 46->0(46)
[2023-12-04T13:54:17.413+0000][gc,heap     ] GC(8) Survivor regions: 5->5(7)
[2023-12-04T13:54:17.413+0000][gc,heap     ] GC(8) Old regions: 16->17
[2023-12-04T13:54:17.413+0000][gc,heap     ] GC(8) Humongous regions: 129->129
[2023-12-04T13:54:17.413+0000][gc,metaspace] GC(8) Metaspace: 42284K(42944K)->42284K(42944K) NonClass: 37290K(37696K)->37290K(37696K) Class: 4993K(5248K)->4993K(5248K)
[2023-12-04T13:54:17.413+0000][gc          ] GC(8) Pause Young (Mixed) (G1 Evacuation Pause) 194M->149M(1024M) 20.073ms
[2023-12-04T13:54:17.413+0000][gc,cpu      ] GC(8) User=0.03s Sys=0.03s Real=0.02s
[2023-12-04T14:06:44.078+0000][gc,start    ] GC(9) Pause Young (Normal) (G1 Evacuation Pause)
[2023-12-04T14:06:44.081+0000][gc,task     ] GC(9) Using 8 workers of 8 for evacuation
[2023-12-04T14:06:44.098+0000][gc,phases   ] GC(9)   Pre Evacuate Collection Set: 1.6ms
[2023-12-04T14:06:44.098+0000][gc,phases   ] GC(9)   Merge Heap Roots: 0.5ms
[2023-12-04T14:06:44.098+0000][gc,phases   ] GC(9)   Evacuate Collection Set: 13.1ms
[2023-12-04T14:06:44.098+0000][gc,phases   ] GC(9)   Post Evacuate Collection Set: 1.2ms
[2023-12-04T14:06:44.098+0000][gc,phases   ] GC(9)   Other: 1.4ms
[2023-12-04T14:06:44.098+0000][gc,heap     ] GC(9) Eden regions: 46->0(48)
[2023-12-04T14:06:44.098+0000][gc,heap     ] GC(9) Survivor regions: 5->3(7)
[2023-12-04T14:06:44.098+0000][gc,heap     ] GC(9) Old regions: 17->19
[2023-12-04T14:06:44.098+0000][gc,heap     ] GC(9) Humongous regions: 129->129
[2023-12-04T14:06:44.098+0000][gc,metaspace] GC(9) Metaspace: 42383K(43008K)->42383K(43008K) NonClass: 37382K(37760K)->37382K(37760K) Class: 5001K(5248K)->5001K(5248K)
[2023-12-04T14:06:44.098+0000][gc          ] GC(9) Pause Young (Normal) (G1 Evacuation Pause) 195M->150M(1024M) 21.611ms
[2023-12-04T14:06:44.098+0000][gc,cpu      ] GC(9) User=0.03s Sys=0.02s Real=0.02s
[2023-12-04T14:17:38.653+0000][gc,start    ] GC(10) Pause Young (Normal) (G1 Evacuation Pause)
[2023-12-04T14:17:38.657+0000][gc,task     ] GC(10) Using 8 workers of 8 for evacuation
[2023-12-04T14:17:38.670+0000][gc,phases   ] GC(10)   Pre Evacuate Collection Set: 1.0ms
[2023-12-04T14:17:38.670+0000][gc,phases   ] GC(10)   Merge Heap Roots: 0.3ms
[2023-12-04T14:17:38.670+0000][gc,phases   ] GC(10)   Evacuate Collection Set: 10.1ms
[2023-12-04T14:17:38.670+0000][gc,phases   ] GC(10)   Post Evacuate Collection Set: 1.3ms
[2023-12-04T14:17:38.670+0000][gc,phases   ] GC(10)   Other: 1.2ms
[2023-12-04T14:17:38.670+0000][gc,heap     ] GC(10) Eden regions: 48->0(48)
[2023-12-04T14:17:38.670+0000][gc,heap     ] GC(10) Survivor regions: 3->3(7)
[2023-12-04T14:17:38.670+0000][gc,heap     ] GC(10) Old regions: 19->19
[2023-12-04T14:17:38.670+0000][gc,heap     ] GC(10) Humongous regions: 129->129
[2023-12-04T14:17:38.670+0000][gc,metaspace] GC(10) Metaspace: 42479K(43072K)->42479K(43072K) NonClass: 37478K(37824K)->37478K(37824K) Class: 5001K(5248K)->5001K(5248K)
[2023-12-04T14:17:38.670+0000][gc          ] GC(10) Pause Young (Normal) (G1 Evacuation Pause) 198M->149M(1024M) 17.607ms
[2023-12-04T14:17:38.670+0000][gc,cpu      ] GC(10) User=0.02s Sys=0.02s Real=0.02s
[2023-12-04T17:02:11.299+0000][gc,start    ] GC(11) Pause Young (Normal) (G1 Evacuation Pause)
[2023-12-04T17:02:11.300+0000][gc,task     ] GC(11) Using 8 workers of 8 for evacuation
[2023-12-04T17:02:11.314+0000][gc,phases   ] GC(11)   Pre Evacuate Collection Set: 0.8ms
[2023-12-04T17:02:11.314+0000][gc,phases   ] GC(11)   Merge Heap Roots: 0.1ms
[2023-12-04T17:02:11.314+0000][gc,phases   ] GC(11)   Evacuate Collection Set: 12.7ms
[2023-12-04T17:02:11.314+0000][gc,phases   ] GC(11)   Post Evacuate Collection Set: 0.4ms
[2023-12-04T17:02:11.314+0000][gc,phases   ] GC(11)   Other: 0.3ms
[2023-12-04T17:02:11.314+0000][gc,heap     ] GC(11) Eden regions: 48->0(47)
[2023-12-04T17:02:11.314+0000][gc,heap     ] GC(11) Survivor regions: 3->4(7)
[2023-12-04T17:02:11.314+0000][gc,heap     ] GC(11) Old regions: 19->19
[2023-12-04T17:02:11.314+0000][gc,heap     ] GC(11) Humongous regions: 129->129
[2023-12-04T17:02:11.314+0000][gc,metaspace] GC(11) Metaspace: 42578K(43200K)->42578K(43200K) NonClass: 37576K(37952K)->37576K(37952K) Class: 5001K(5248K)->5001K(5248K)
[2023-12-04T17:02:11.314+0000][gc          ] GC(11) Pause Young (Normal) (G1 Evacuation Pause) 197M->150M(1024M) 17.054ms
[2023-12-04T17:02:11.314+0000][gc,cpu      ] GC(11) User=0.02s Sys=0.04s Real=0.02s
[2023-12-04T23:30:37.781+0000][gc,start    ] GC(12) Pause Young (Normal) (G1 Evacuation Pause)
[2023-12-04T23:30:37.784+0000][gc,task     ] GC(12) Using 8 workers of 8 for evacuation
[2023-12-04T23:30:37.803+0000][gc,phases   ] GC(12)   Pre Evacuate Collection Set: 1.0ms
[2023-12-04T23:30:37.803+0000][gc,phases   ] GC(12)   Merge Heap Roots: 0.2ms
[2023-12-04T23:30:37.803+0000][gc,phases   ] GC(12)   Evacuate Collection Set: 17.0ms
[2023-12-04T23:30:37.803+0000][gc,phases   ] GC(12)   Post Evacuate Collection Set: 1.1ms
[2023-12-04T23:30:37.803+0000][gc,phases   ] GC(12)   Other: 1.1ms
[2023-12-04T23:30:37.803+0000][gc,heap     ] GC(12) Eden regions: 47->0(46)
[2023-12-04T23:30:37.803+0000][gc,heap     ] GC(12) Survivor regions: 4->5(7)
[2023-12-04T23:30:37.803+0000][gc,heap     ] GC(12) Old regions: 19->19
[2023-12-04T23:30:37.803+0000][gc,heap     ] GC(12) Humongous regions: 129->129
[2023-12-04T23:30:37.803+0000][gc,metaspace] GC(12) Metaspace: 42680K(43328K)->42680K(43328K) NonClass: 37674K(38080K)->37674K(38080K) Class: 5006K(5248K)->5006K(5248K)
[2023-12-04T23:30:37.804+0000][gc          ] GC(12) Pause Young (Normal) (G1 Evacuation Pause) 197M->151M(1024M) 23.284ms
[2023-12-04T23:30:37.804+0000][gc,cpu      ] GC(12) User=0.02s Sys=0.04s Real=0.02s
[2023-12-05T06:07:07.025+0000][gc,start    ] GC(13) Pause Young (Normal) (G1 Evacuation Pause)
[2023-12-05T06:07:07.028+0000][gc,task     ] GC(13) Using 8 workers of 8 for evacuation
[2023-12-05T06:07:07.045+0000][gc,phases   ] GC(13)   Pre Evacuate Collection Set: 1.3ms
[2023-12-05T06:07:07.045+0000][gc,phases   ] GC(13)   Merge Heap Roots: 0.3ms
[2023-12-05T06:07:07.045+0000][gc,phases   ] GC(13)   Evacuate Collection Set: 13.9ms
[2023-12-05T06:07:07.045+0000][gc,phases   ] GC(13)   Post Evacuate Collection Set: 0.8ms
[2023-12-05T06:07:07.045+0000][gc,phases   ] GC(13)   Other: 1.1ms
[2023-12-05T06:07:07.045+0000][gc,heap     ] GC(13) Eden regions: 46->0(47)
[2023-12-05T06:07:07.045+0000][gc,heap     ] GC(13) Survivor regions: 5->4(7)
[2023-12-05T06:07:07.045+0000][gc,heap     ] GC(13) Old regions: 19->20
[2023-12-05T06:07:07.045+0000][gc,heap     ] GC(13) Humongous regions: 129->129
[2023-12-05T06:07:07.045+0000][gc,metaspace] GC(13) Metaspace: 42745K(43392K)->42745K(43392K) NonClass: 37738K(38144K)->37738K(38144K) Class: 5006K(5248K)->5006K(5248K)
[2023-12-05T06:07:07.045+0000][gc          ] GC(13) Pause Young (Normal) (G1 Evacuation Pause) 197M->152M(1024M) 20.514ms
[2023-12-05T06:07:07.045+0000][gc,cpu      ] GC(13) User=0.02s Sys=0.04s Real=0.02s
[2023-12-05T07:50:15.427+0000][gc,start    ] GC(14) Pause Young (Normal) (G1 Evacuation Pause)
[2023-12-05T07:50:15.431+0000][gc,task     ] GC(14) Using 8 workers of 8 for evacuation
[2023-12-05T07:50:15.441+0000][gc,phases   ] GC(14)   Pre Evacuate Collection Set: 0.9ms
[2023-12-05T07:50:15.441+0000][gc,phases   ] GC(14)   Merge Heap Roots: 0.5ms
[2023-12-05T07:50:15.441+0000][gc,phases   ] GC(14)   Evacuate Collection Set: 7.9ms
[2023-12-05T07:50:15.441+0000][gc,phases   ] GC(14)   Post Evacuate Collection Set: 0.6ms
[2023-12-05T07:50:15.441+0000][gc,phases   ] GC(14)   Other: 1.1ms
[2023-12-05T07:50:15.441+0000][gc,heap     ] GC(14) Eden regions: 47->0(65)
[2023-12-05T07:50:15.441+0000][gc,heap     ] GC(14) Survivor regions: 4->3(7)
[2023-12-05T07:50:15.441+0000][gc,heap     ] GC(14) Old regions: 20->20
[2023-12-05T07:50:15.441+0000][gc,heap     ] GC(14) Humongous regions: 129->129
[2023-12-05T07:50:15.441+0000][gc,metaspace] GC(14) Metaspace: 42809K(43456K)->42809K(43456K) NonClass: 37802K(38208K)->37802K(38208K) Class: 5006K(5248K)->5006K(5248K)
[2023-12-05T07:50:15.441+0000][gc          ] GC(14) Pause Young (Normal) (G1 Evacuation Pause) 199M->151M(1024M) 14.510ms
[2023-12-05T07:50:15.441+0000][gc,cpu      ] GC(14) User=0.01s Sys=0.02s Real=0.02s
[2023-12-05T09:24:54.021+0000][gc,start    ] GC(15) Pause Young (Normal) (G1 Evacuation Pause)
[2023-12-05T09:24:54.023+0000][gc,task     ] GC(15) Using 8 workers of 8 for evacuation
[2023-12-05T09:24:54.040+0000][gc,phases   ] GC(15)   Pre Evacuate Collection Set: 0.7ms
[2023-12-05T09:24:54.040+0000][gc,phases   ] GC(15)   Merge Heap Roots: 0.4ms
[2023-12-05T09:24:54.040+0000][gc,phases   ] GC(15)   Evacuate Collection Set: 13.8ms
[2023-12-05T09:24:54.040+0000][gc,phases   ] GC(15)   Post Evacuate Collection Set: 0.6ms
[2023-12-05T09:24:54.040+0000][gc,phases   ] GC(15)   Other: 1.2ms
[2023-12-05T09:24:54.040+0000][gc,heap     ] GC(15) Eden regions: 59->0(612)
[2023-12-05T09:24:54.040+0000][gc,heap     ] GC(15) Survivor regions: 3->2(8)
[2023-12-05T09:24:54.040+0000][gc,heap     ] GC(15) Old regions: 20->20
[2023-12-05T09:24:54.040+0000][gc,heap     ] GC(15) Humongous regions: 129->129
[2023-12-05T09:24:54.040+0000][gc,metaspace] GC(15) Metaspace: 42880K(43520K)->42880K(43520K) NonClass: 37873K(38272K)->37873K(38272K) Class: 5006K(5248K)->5006K(5248K)
[2023-12-05T09:24:54.040+0000][gc          ] GC(15) Pause Young (Normal) (G1 Evacuation Pause) 210M->149M(1024M) 18.942ms
[2023-12-05T09:24:54.040+0000][gc,cpu      ] GC(15) User=0.00s Sys=0.01s Real=0.02s
[2023-12-05T20:22:45.228+0000][gc,heap,exit] Heap
[2023-12-05T20:22:45.228+0000][gc,heap,exit]  garbage-first heap   total 1048576K, used 512670K [0x00000007c0000000, 0x0000000800000000)
[2023-12-05T20:22:45.228+0000][gc,heap,exit]   region size 1024K, 353 young (361472K), 2 survivors (2048K)
[2023-12-05T20:22:45.228+0000][gc,heap,exit]  Metaspace       used 43717K, committed 44352K, reserved 1114112K
[2023-12-05T20:22:45.229+0000][gc,heap,exit]   class space    used 5159K, committed 5440K, reserved 1048576K
