[2023-12-05T22:27:00.420+0000][gc,init] CardTable entry size: 512
[2023-12-05T22:27:00.420+0000][gc     ] Using G1
[2023-12-05T22:27:00.422+0000][gc,init] Version: 21+35-LTS-2513 (release)
[2023-12-05T22:27:00.422+0000][gc,init] CPUs: 8 total, 8 available
[2023-12-05T22:27:00.422+0000][gc,init] Memory: 8192M
[2023-12-05T22:27:00.422+0000][gc,init] Large Page Support: Disabled
[2023-12-05T22:27:00.422+0000][gc,init] NUMA Support: Disabled
[2023-12-05T22:27:00.422+0000][gc,init] Compressed Oops: Enabled (Zero based)
[2023-12-05T22:27:00.422+0000][gc,init] Heap Region Size: 1M
[2023-12-05T22:27:00.422+0000][gc,init] Heap Min Capacity: 1G
[2023-12-05T22:27:00.422+0000][gc,init] Heap Initial Capacity: 1G
[2023-12-05T22:27:00.422+0000][gc,init] Heap Max Capacity: 1G
[2023-12-05T22:27:00.422+0000][gc,init] Pre-touch: Disabled
[2023-12-05T22:27:00.422+0000][gc,init] Parallel Workers: 8
[2023-12-05T22:27:00.422+0000][gc,init] Concurrent Workers: 2
[2023-12-05T22:27:00.422+0000][gc,init] Concurrent Refinement Workers: 8
[2023-12-05T22:27:00.422+0000][gc,init] Periodic GC: Disabled
[2023-12-05T22:27:00.427+0000][gc,metaspace] CDS archive(s) mapped at: [0x0000000400000000-0x0000000400ca4000-0x0000000400ca4000), size 13254656, SharedBaseAddress: 0x0000000400000000, ArchiveRelocationMode: 1.
[2023-12-05T22:27:00.427+0000][gc,metaspace] Compressed class space mapped at: 0x0000000401000000-0x0000000441000000, reserved size: 1073741824
[2023-12-05T22:27:00.427+0000][gc,metaspace] Narrow klass base: 0x0000000400000000, Narrow klass shift: 0, Narrow klass range: 0x100000000
[2023-12-05T22:27:01.345+0000][gc,start    ] GC(0) Pause Young (Normal) (G1 Evacuation Pause)
[2023-12-05T22:27:01.346+0000][gc,task     ] GC(0) Using 8 workers of 8 for evacuation
[2023-12-05T22:27:01.349+0000][gc,phases   ] GC(0)   Pre Evacuate Collection Set: 0.3ms
[2023-12-05T22:27:01.349+0000][gc,phases   ] GC(0)   Merge Heap Roots: 0.2ms
[2023-12-05T22:27:01.349+0000][gc,phases   ] GC(0)   Evacuate Collection Set: 2.7ms
[2023-12-05T22:27:01.349+0000][gc,phases   ] GC(0)   Post Evacuate Collection Set: 0.3ms
[2023-12-05T22:27:01.349+0000][gc,phases   ] GC(0)   Other: 0.2ms
[2023-12-05T22:27:01.349+0000][gc,heap     ] GC(0) Eden regions: 51->0(44)
[2023-12-05T22:27:01.349+0000][gc,heap     ] GC(0) Survivor regions: 0->7(7)
[2023-12-05T22:27:01.349+0000][gc,heap     ] GC(0) Old regions: 2->3
[2023-12-05T22:27:01.349+0000][gc,heap     ] GC(0) Humongous regions: 0->0
[2023-12-05T22:27:01.349+0000][gc,metaspace] GC(0) Metaspace: 18218K(18432K)->18218K(18432K) NonClass: 16134K(16256K)->16134K(16256K) Class: 2083K(2176K)->2083K(2176K)
[2023-12-05T22:27:01.349+0000][gc          ] GC(0) Pause Young (Normal) (G1 Evacuation Pause) 52M->8M(1024M) 4.285ms
[2023-12-05T22:27:01.349+0000][gc,cpu      ] GC(0) User=0.02s Sys=0.00s Real=0.00s
[2023-12-05T22:27:01.476+0000][gc,start    ] GC(1) Pause Young (Concurrent Start) (Metadata GC Threshold)
[2023-12-05T22:27:01.476+0000][gc,task     ] GC(1) Using 8 workers of 8 for evacuation
[2023-12-05T22:27:01.480+0000][gc,phases   ] GC(1)   Pre Evacuate Collection Set: 0.2ms
[2023-12-05T22:27:01.480+0000][gc,phases   ] GC(1)   Merge Heap Roots: 0.0ms
[2023-12-05T22:27:01.480+0000][gc,phases   ] GC(1)   Evacuate Collection Set: 2.9ms
[2023-12-05T22:27:01.480+0000][gc,phases   ] GC(1)   Post Evacuate Collection Set: 0.3ms
[2023-12-05T22:27:01.480+0000][gc,phases   ] GC(1)   Other: 0.0ms
[2023-12-05T22:27:01.480+0000][gc,heap     ] GC(1) Eden regions: 12->0(49)
[2023-12-05T22:27:01.480+0000][gc,heap     ] GC(1) Survivor regions: 7->2(7)
[2023-12-05T22:27:01.480+0000][gc,heap     ] GC(1) Old regions: 3->10
[2023-12-05T22:27:01.480+0000][gc,heap     ] GC(1) Humongous regions: 0->0
[2023-12-05T22:27:01.480+0000][gc,metaspace] GC(1) Metaspace: 21248K(21504K)->21248K(21504K) NonClass: 18765K(18880K)->18765K(18880K) Class: 2482K(2624K)->2482K(2624K)
[2023-12-05T22:27:01.480+0000][gc          ] GC(1) Pause Young (Concurrent Start) (Metadata GC Threshold) 20M->9M(1024M) 3.575ms
[2023-12-05T22:27:01.480+0000][gc,cpu      ] GC(1) User=0.01s Sys=0.01s Real=0.01s
[2023-12-05T22:27:01.480+0000][gc          ] GC(2) Concurrent Mark Cycle
[2023-12-05T22:27:01.480+0000][gc,marking  ] GC(2) Concurrent Scan Root Regions
[2023-12-05T22:27:01.482+0000][gc,marking  ] GC(2) Concurrent Scan Root Regions 1.893ms
[2023-12-05T22:27:01.482+0000][gc,marking  ] GC(2) Concurrent Mark
[2023-12-05T22:27:01.482+0000][gc,marking  ] GC(2) Concurrent Mark From Roots
[2023-12-05T22:27:01.482+0000][gc,task     ] GC(2) Using 2 workers of 2 for marking
[2023-12-05T22:27:01.483+0000][gc,marking  ] GC(2) Concurrent Mark From Roots 1.085ms
[2023-12-05T22:27:01.483+0000][gc,marking  ] GC(2) Concurrent Preclean
[2023-12-05T22:27:01.483+0000][gc,marking  ] GC(2) Concurrent Preclean 0.008ms
[2023-12-05T22:27:01.483+0000][gc,start    ] GC(2) Pause Remark
[2023-12-05T22:27:01.484+0000][gc          ] GC(2) Pause Remark 10M->10M(1024M) 1.020ms
[2023-12-05T22:27:01.484+0000][gc,cpu      ] GC(2) User=0.00s Sys=0.00s Real=0.00s
[2023-12-05T22:27:01.484+0000][gc,marking  ] GC(2) Concurrent Mark 2.221ms
[2023-12-05T22:27:01.484+0000][gc,marking  ] GC(2) Concurrent Rebuild Remembered Sets and Scrub Regions
[2023-12-05T22:27:01.486+0000][gc,marking  ] GC(2) Concurrent Rebuild Remembered Sets and Scrub Regions 1.690ms
[2023-12-05T22:27:01.486+0000][gc,start    ] GC(2) Pause Cleanup
[2023-12-05T22:27:01.486+0000][gc          ] GC(2) Pause Cleanup 10M->10M(1024M) 0.091ms
[2023-12-05T22:27:01.486+0000][gc,cpu      ] GC(2) User=0.00s Sys=0.00s Real=0.00s
[2023-12-05T22:27:01.486+0000][gc,marking  ] GC(2) Concurrent Clear Claimed Marks
[2023-12-05T22:27:01.486+0000][gc,marking  ] GC(2) Concurrent Clear Claimed Marks 0.019ms
[2023-12-05T22:27:01.486+0000][gc,marking  ] GC(2) Concurrent Cleanup for Next Mark
[2023-12-05T22:27:01.488+0000][gc,marking  ] GC(2) Concurrent Cleanup for Next Mark 1.589ms
[2023-12-05T22:27:01.488+0000][gc          ] GC(2) Concurrent Mark Cycle 7.732ms
[2023-12-05T22:27:02.163+0000][gc,start    ] GC(3) Pause Young (Prepare Mixed) (G1 Evacuation Pause)
[2023-12-05T22:27:02.163+0000][gc,task     ] GC(3) Using 8 workers of 8 for evacuation
[2023-12-05T22:27:02.165+0000][gc,phases   ] GC(3)   Pre Evacuate Collection Set: 0.2ms
[2023-12-05T22:27:02.165+0000][gc,phases   ] GC(3)   Merge Heap Roots: 0.0ms
[2023-12-05T22:27:02.165+0000][gc,phases   ] GC(3)   Evacuate Collection Set: 1.9ms
[2023-12-05T22:27:02.165+0000][gc,phases   ] GC(3)   Post Evacuate Collection Set: 0.2ms
[2023-12-05T22:27:02.165+0000][gc,phases   ] GC(3)   Other: 0.0ms
[2023-12-05T22:27:02.165+0000][gc,heap     ] GC(3) Eden regions: 49->0(45)
[2023-12-05T22:27:02.165+0000][gc,heap     ] GC(3) Survivor regions: 2->6(7)
[2023-12-05T22:27:02.165+0000][gc,heap     ] GC(3) Old regions: 10->10
[2023-12-05T22:27:02.165+0000][gc,heap     ] GC(3) Humongous regions: 129->129
[2023-12-05T22:27:02.165+0000][gc,metaspace] GC(3) Metaspace: 30747K(31040K)->30747K(31040K) NonClass: 27331K(27520K)->27331K(27520K) Class: 3415K(3520K)->3415K(3520K)
[2023-12-05T22:27:02.165+0000][gc          ] GC(3) Pause Young (Prepare Mixed) (G1 Evacuation Pause) 187M->143M(1024M) 2.473ms
[2023-12-05T22:27:02.165+0000][gc,cpu      ] GC(3) User=0.01s Sys=0.01s Real=0.00s
[2023-12-05T22:27:02.311+0000][gc,start    ] GC(4) Pause Young (Mixed) (Metadata GC Threshold)
[2023-12-05T22:27:02.311+0000][gc,task     ] GC(4) Using 8 workers of 8 for evacuation
[2023-12-05T22:27:02.314+0000][gc,phases   ] GC(4)   Pre Evacuate Collection Set: 0.1ms
[2023-12-05T22:27:02.314+0000][gc,phases   ] GC(4)   Merge Heap Roots: 0.0ms
[2023-12-05T22:27:02.314+0000][gc,phases   ] GC(4)   Evacuate Collection Set: 3.0ms
[2023-12-05T22:27:02.314+0000][gc,phases   ] GC(4)   Post Evacuate Collection Set: 0.2ms
[2023-12-05T22:27:02.314+0000][gc,phases   ] GC(4)   Other: 0.0ms
[2023-12-05T22:27:02.314+0000][gc,heap     ] GC(4) Eden regions: 19->0(48)
[2023-12-05T22:27:02.314+0000][gc,heap     ] GC(4) Survivor regions: 6->3(7)
[2023-12-05T22:27:02.314+0000][gc,heap     ] GC(4) Old regions: 10->15
[2023-12-05T22:27:02.314+0000][gc,heap     ] GC(4) Humongous regions: 129->129
[2023-12-05T22:27:02.314+0000][gc,metaspace] GC(4) Metaspace: 35601K(35968K)->35601K(35968K) NonClass: 31704K(31872K)->31704K(31872K) Class: 3896K(4096K)->3896K(4096K)
[2023-12-05T22:27:02.314+0000][gc          ] GC(4) Pause Young (Mixed) (Metadata GC Threshold) 162M->145M(1024M) 3.567ms
[2023-12-05T22:27:02.314+0000][gc,cpu      ] GC(4) User=0.02s Sys=0.00s Real=0.00s
[2023-12-05T22:27:02.325+0000][gc,start    ] GC(5) Pause Young (Concurrent Start) (Metadata GC Threshold)
[2023-12-05T22:27:02.325+0000][gc,task     ] GC(5) Using 8 workers of 8 for evacuation
[2023-12-05T22:27:02.326+0000][gc,phases   ] GC(5)   Pre Evacuate Collection Set: 0.1ms
[2023-12-05T22:27:02.326+0000][gc,phases   ] GC(5)   Merge Heap Roots: 0.0ms
[2023-12-05T22:27:02.327+0000][gc,phases   ] GC(5)   Evacuate Collection Set: 1.0ms
[2023-12-05T22:27:02.327+0000][gc,phases   ] GC(5)   Post Evacuate Collection Set: 0.2ms
[2023-12-05T22:27:02.327+0000][gc,phases   ] GC(5)   Other: 0.0ms
[2023-12-05T22:27:02.327+0000][gc,heap     ] GC(5) Eden regions: 2->0(49)
[2023-12-05T22:27:02.327+0000][gc,heap     ] GC(5) Survivor regions: 3->2(7)
[2023-12-05T22:27:02.327+0000][gc,heap     ] GC(5) Old regions: 15->15
[2023-12-05T22:27:02.327+0000][gc,heap     ] GC(5) Humongous regions: 129->129
[2023-12-05T22:27:02.327+0000][gc,metaspace] GC(5) Metaspace: 35905K(36288K)->35905K(36288K) NonClass: 31957K(32192K)->31957K(32192K) Class: 3947K(4096K)->3947K(4096K)
[2023-12-05T22:27:02.327+0000][gc          ] GC(5) Pause Young (Concurrent Start) (Metadata GC Threshold) 147M->145M(1024M) 1.525ms
[2023-12-05T22:27:02.327+0000][gc,cpu      ] GC(5) User=0.01s Sys=0.00s Real=0.00s
[2023-12-05T22:27:02.327+0000][gc          ] GC(6) Concurrent Mark Cycle
[2023-12-05T22:27:02.327+0000][gc,marking  ] GC(6) Concurrent Scan Root Regions
[2023-12-05T22:27:02.328+0000][gc,marking  ] GC(6) Concurrent Scan Root Regions 1.216ms
[2023-12-05T22:27:02.328+0000][gc,marking  ] GC(6) Concurrent Mark
[2023-12-05T22:27:02.328+0000][gc,marking  ] GC(6) Concurrent Mark From Roots
[2023-12-05T22:27:02.328+0000][gc,task     ] GC(6) Using 2 workers of 2 for marking
[2023-12-05T22:27:02.338+0000][gc,marking  ] GC(6) Concurrent Mark From Roots 10.200ms
[2023-12-05T22:27:02.338+0000][gc,marking  ] GC(6) Concurrent Preclean
[2023-12-05T22:27:02.338+0000][gc,marking  ] GC(6) Concurrent Preclean 0.040ms
[2023-12-05T22:27:02.338+0000][gc,start    ] GC(6) Pause Remark
[2023-12-05T22:27:02.340+0000][gc          ] GC(6) Pause Remark 147M->147M(1024M) 1.413ms
[2023-12-05T22:27:02.340+0000][gc,cpu      ] GC(6) User=0.01s Sys=0.00s Real=0.01s
[2023-12-05T22:27:02.340+0000][gc,marking  ] GC(6) Concurrent Mark 11.839ms
[2023-12-05T22:27:02.340+0000][gc,marking  ] GC(6) Concurrent Rebuild Remembered Sets and Scrub Regions
[2023-12-05T22:27:02.343+0000][gc,marking  ] GC(6) Concurrent Rebuild Remembered Sets and Scrub Regions 3.599ms
[2023-12-05T22:27:02.344+0000][gc,start    ] GC(6) Pause Cleanup
[2023-12-05T22:27:02.344+0000][gc          ] GC(6) Pause Cleanup 147M->147M(1024M) 0.140ms
[2023-12-05T22:27:02.344+0000][gc,cpu      ] GC(6) User=0.00s Sys=0.00s Real=0.00s
[2023-12-05T22:27:02.344+0000][gc,marking  ] GC(6) Concurrent Clear Claimed Marks
[2023-12-05T22:27:02.344+0000][gc,marking  ] GC(6) Concurrent Clear Claimed Marks 0.013ms
[2023-12-05T22:27:02.344+0000][gc,marking  ] GC(6) Concurrent Cleanup for Next Mark
[2023-12-05T22:27:02.346+0000][gc,marking  ] GC(6) Concurrent Cleanup for Next Mark 2.158ms
[2023-12-05T22:27:02.346+0000][gc          ] GC(6) Concurrent Mark Cycle 19.414ms
[2023-12-05T22:33:17.137+0000][gc,start    ] GC(7) Pause Young (Prepare Mixed) (G1 Evacuation Pause)
[2023-12-05T22:33:17.140+0000][gc,task     ] GC(7) Using 8 workers of 8 for evacuation
[2023-12-05T22:33:17.171+0000][gc,mmu      ] GC(7) MMU target violated: 21.0ms (20.0ms/21.0ms)
[2023-12-05T22:33:17.171+0000][gc,phases   ] GC(7)   Pre Evacuate Collection Set: 0.9ms
[2023-12-05T22:33:17.171+0000][gc,phases   ] GC(7)   Merge Heap Roots: 0.2ms
[2023-12-05T22:33:17.171+0000][gc,phases   ] GC(7)   Evacuate Collection Set: 28.8ms
[2023-12-05T22:33:17.171+0000][gc,phases   ] GC(7)   Post Evacuate Collection Set: 0.8ms
[2023-12-05T22:33:17.171+0000][gc,phases   ] GC(7)   Other: 1.0ms
[2023-12-05T22:33:17.171+0000][gc,heap     ] GC(7) Eden regions: 49->0(45)
[2023-12-05T22:33:17.171+0000][gc,heap     ] GC(7) Survivor regions: 2->6(7)
[2023-12-05T22:33:17.171+0000][gc,heap     ] GC(7) Old regions: 15->15
[2023-12-05T22:33:17.171+0000][gc,heap     ] GC(7) Humongous regions: 147->129
[2023-12-05T22:33:17.171+0000][gc,metaspace] GC(7) Metaspace: 41597K(42304K)->41597K(42304K) NonClass: 36767K(37184K)->36767K(37184K) Class: 4830K(5120K)->4830K(5120K)
[2023-12-05T22:33:17.171+0000][gc          ] GC(7) Pause Young (Prepare Mixed) (G1 Evacuation Pause) 212M->149M(1024M) 34.622ms
[2023-12-05T22:33:17.171+0000][gc,cpu      ] GC(7) User=0.02s Sys=0.04s Real=0.04s
