[2023-11-29T15:54:39.455+0000][gc,init] CardTable entry size: 512
[2023-11-29T15:54:39.455+0000][gc     ] Using G1
[2023-11-29T15:54:39.456+0000][gc,init] Version: 21+35-LTS-2513 (release)
[2023-11-29T15:54:39.456+0000][gc,init] CPUs: 8 total, 8 available
[2023-11-29T15:54:39.456+0000][gc,init] Memory: 8192M
[2023-11-29T15:54:39.456+0000][gc,init] Large Page Support: Disabled
[2023-11-29T15:54:39.456+0000][gc,init] NUMA Support: Disabled
[2023-11-29T15:54:39.456+0000][gc,init] Compressed Oops: Enabled (Zero based)
[2023-11-29T15:54:39.456+0000][gc,init] Heap Region Size: 1M
[2023-11-29T15:54:39.456+0000][gc,init] Heap Min Capacity: 512M
[2023-11-29T15:54:39.456+0000][gc,init] Heap Initial Capacity: 512M
[2023-11-29T15:54:39.456+0000][gc,init] Heap Max Capacity: 512M
[2023-11-29T15:54:39.456+0000][gc,init] Pre-touch: Disabled
[2023-11-29T15:54:39.456+0000][gc,init] Parallel Workers: 8
[2023-11-29T15:54:39.456+0000][gc,init] Concurrent Workers: 2
[2023-11-29T15:54:39.456+0000][gc,init] Concurrent Refinement Workers: 8
[2023-11-29T15:54:39.456+0000][gc,init] Periodic GC: Disabled
[2023-11-29T15:54:39.461+0000][gc,metaspace] CDS archive(s) mapped at: [0x0000000300000000-0x0000000300ca4000-0x0000000300ca4000), size 13254656, SharedBaseAddress: 0x0000000300000000, ArchiveRelocationMode: 1.
[2023-11-29T15:54:39.461+0000][gc,metaspace] Compressed class space mapped at: 0x0000000301000000-0x0000000341000000, reserved size: 1073741824
[2023-11-29T15:54:39.461+0000][gc,metaspace] Narrow klass base: 0x0000000300000000, Narrow klass shift: 0, Narrow klass range: 0x100000000
[2023-11-29T15:54:39.909+0000][gc,heap,exit] Heap
[2023-11-29T15:54:39.909+0000][gc,heap,exit]  garbage-first heap   total 524288K, used 18447K [0x00000007e0000000, 0x0000000800000000)
[2023-11-29T15:54:39.909+0000][gc,heap,exit]   region size 1024K, 18 young (18432K), 0 survivors (0K)
[2023-11-29T15:54:39.909+0000][gc,heap,exit]  Metaspace       used 6750K, committed 6976K, reserved 1114112K
[2023-11-29T15:54:39.909+0000][gc,heap,exit]   class space    used 720K, committed 832K, reserved 1048576K
