[2023-12-04T13:29:12.864+0000][gc,init] CardTable entry size: 512
[2023-12-04T13:29:12.864+0000][gc     ] Using G1
[2023-12-04T13:29:12.865+0000][gc,init] Version: 21+35-LTS-2513 (release)
[2023-12-04T13:29:12.865+0000][gc,init] CPUs: 8 total, 8 available
[2023-12-04T13:29:12.865+0000][gc,init] Memory: 8192M
[2023-12-04T13:29:12.865+0000][gc,init] Large Page Support: Disabled
[2023-12-04T13:29:12.865+0000][gc,init] NUMA Support: Disabled
[2023-12-04T13:29:12.865+0000][gc,init] Compressed Oops: Enabled (Zero based)
[2023-12-04T13:29:12.865+0000][gc,init] Heap Region Size: 1M
[2023-12-04T13:29:12.865+0000][gc,init] Heap Min Capacity: 512M
[2023-12-04T13:29:12.865+0000][gc,init] Heap Initial Capacity: 512M
[2023-12-04T13:29:12.865+0000][gc,init] Heap Max Capacity: 512M
[2023-12-04T13:29:12.865+0000][gc,init] Pre-touch: Disabled
[2023-12-04T13:29:12.865+0000][gc,init] Parallel Workers: 8
[2023-12-04T13:29:12.865+0000][gc,init] Concurrent Workers: 2
[2023-12-04T13:29:12.865+0000][gc,init] Concurrent Refinement Workers: 8
[2023-12-04T13:29:12.865+0000][gc,init] Periodic GC: Disabled
[2023-12-04T13:29:12.869+0000][gc,metaspace] CDS archive(s) mapped at: [0x0000007000000000-0x0000007000ca4000-0x0000007000ca4000), size 13254656, SharedBaseAddress: 0x0000007000000000, ArchiveRelocationMode: 1.
[2023-12-04T13:29:12.869+0000][gc,metaspace] Compressed class space mapped at: 0x0000007001000000-0x0000007041000000, reserved size: 1073741824
[2023-12-04T13:29:12.869+0000][gc,metaspace] Narrow klass base: 0x0000007000000000, Narrow klass shift: 0, Narrow klass range: 0x100000000
[2023-12-04T13:29:13.730+0000][gc,start    ] GC(0) Pause Young (Normal) (G1 Evacuation Pause)
[2023-12-04T13:29:13.731+0000][gc,task     ] GC(0) Using 8 workers of 8 for evacuation
[2023-12-04T13:29:13.734+0000][gc,phases   ] GC(0)   Pre Evacuate Collection Set: 0.2ms
[2023-12-04T13:29:13.734+0000][gc,phases   ] GC(0)   Merge Heap Roots: 0.1ms
[2023-12-04T13:29:13.734+0000][gc,phases   ] GC(0)   Evacuate Collection Set: 2.5ms
[2023-12-04T13:29:13.734+0000][gc,phases   ] GC(0)   Post Evacuate Collection Set: 0.3ms
[2023-12-04T13:29:13.734+0000][gc,phases   ] GC(0)   Other: 0.2ms
[2023-12-04T13:29:13.734+0000][gc,heap     ] GC(0) Eden regions: 25->0(21)
[2023-12-04T13:29:13.734+0000][gc,heap     ] GC(0) Survivor regions: 0->4(4)
[2023-12-04T13:29:13.734+0000][gc,heap     ] GC(0) Old regions: 2->6
[2023-12-04T13:29:13.734+0000][gc,heap     ] GC(0) Humongous regions: 0->0
[2023-12-04T13:29:13.734+0000][gc,metaspace] GC(0) Metaspace: 8191K(8448K)->8191K(8448K) NonClass: 7316K(7424K)->7316K(7424K) Class: 874K(1024K)->874K(1024K)
[2023-12-04T13:29:13.734+0000][gc          ] GC(0) Pause Young (Normal) (G1 Evacuation Pause) 26M->8M(512M) 3.495ms
[2023-12-04T13:29:13.734+0000][gc,cpu      ] GC(0) User=0.01s Sys=0.01s Real=0.00s
[2023-12-05T20:22:43.091+0000][gc,heap,exit] Heap
[2023-12-05T20:22:43.092+0000][gc,heap,exit]  garbage-first heap   total 524288K, used 28270K [0x00000007e0000000, 0x0000000800000000)
[2023-12-05T20:22:43.092+0000][gc,heap,exit]   region size 1024K, 24 young (24576K), 4 survivors (4096K)
[2023-12-05T20:22:43.092+0000][gc,heap,exit]  Metaspace       used 9545K, committed 9792K, reserved 1114112K
[2023-12-05T20:22:43.092+0000][gc,heap,exit]   class space    used 978K, committed 1088K, reserved 1048576K
