[2024-02-25T21:57:01.893+0000][gc,init] CardTable entry size: 512
[2024-02-25T21:57:01.894+0000][gc     ] Using G1
[2024-02-25T21:57:01.895+0000][gc,init] Version: 21+35-LTS-2513 (release)
[2024-02-25T21:57:01.895+0000][gc,init] CPUs: 8 total, 8 available
[2024-02-25T21:57:01.895+0000][gc,init] Memory: 8192M
[2024-02-25T21:57:01.895+0000][gc,init] Large Page Support: Disabled
[2024-02-25T21:57:01.895+0000][gc,init] NUMA Support: Disabled
[2024-02-25T21:57:01.895+0000][gc,init] Compressed Oops: Enabled (Zero based)
[2024-02-25T21:57:01.895+0000][gc,init] Heap Region Size: 1M
[2024-02-25T21:57:01.895+0000][gc,init] Heap Min Capacity: 1G
[2024-02-25T21:57:01.895+0000][gc,init] Heap Initial Capacity: 1G
[2024-02-25T21:57:01.895+0000][gc,init] Heap Max Capacity: 1G
[2024-02-25T21:57:01.895+0000][gc,init] Pre-touch: Disabled
[2024-02-25T21:57:01.895+0000][gc,init] Parallel Workers: 8
[2024-02-25T21:57:01.895+0000][gc,init] Concurrent Workers: 2
[2024-02-25T21:57:01.895+0000][gc,init] Concurrent Refinement Workers: 8
[2024-02-25T21:57:01.895+0000][gc,init] Periodic GC: Disabled
[2024-02-25T21:57:01.898+0000][gc,metaspace] CDS archive(s) mapped at: [0x0000000300000000-0x0000000300ca4000-0x0000000300ca4000), size 13254656, SharedBaseAddress: 0x0000000300000000, ArchiveRelocationMode: 1.
[2024-02-25T21:57:01.898+0000][gc,metaspace] Compressed class space mapped at: 0x0000000301000000-0x0000000341000000, reserved size: 1073741824
[2024-02-25T21:57:01.898+0000][gc,metaspace] Narrow klass base: 0x0000000300000000, Narrow klass shift: 0, Narrow klass range: 0x100000000
[2024-02-25T21:57:02.683+0000][gc,start    ] GC(0) Pause Young (Normal) (G1 Evacuation Pause)
[2024-02-25T21:57:02.683+0000][gc,task     ] GC(0) Using 8 workers of 8 for evacuation
[2024-02-25T21:57:02.686+0000][gc,phases   ] GC(0)   Pre Evacuate Collection Set: 0.2ms
[2024-02-25T21:57:02.686+0000][gc,phases   ] GC(0)   Merge Heap Roots: 0.2ms
[2024-02-25T21:57:02.686+0000][gc,phases   ] GC(0)   Evacuate Collection Set: 2.5ms
[2024-02-25T21:57:02.686+0000][gc,phases   ] GC(0)   Post Evacuate Collection Set: 0.3ms
[2024-02-25T21:57:02.686+0000][gc,phases   ] GC(0)   Other: 0.2ms
[2024-02-25T21:57:02.686+0000][gc,heap     ] GC(0) Eden regions: 51->0(44)
[2024-02-25T21:57:02.686+0000][gc,heap     ] GC(0) Survivor regions: 0->7(7)
[2024-02-25T21:57:02.686+0000][gc,heap     ] GC(0) Old regions: 2->3
[2024-02-25T21:57:02.686+0000][gc,heap     ] GC(0) Humongous regions: 0->0
[2024-02-25T21:57:02.686+0000][gc,metaspace] GC(0) Metaspace: 18302K(18496K)->18302K(18496K) NonClass: 16204K(16320K)->16204K(16320K) Class: 2097K(2176K)->2097K(2176K)
[2024-02-25T21:57:02.686+0000][gc          ] GC(0) Pause Young (Normal) (G1 Evacuation Pause) 52M->8M(1024M) 3.990ms
[2024-02-25T21:57:02.686+0000][gc,cpu      ] GC(0) User=0.01s Sys=0.00s Real=0.00s
[2024-02-25T21:57:02.881+0000][gc,heap,exit] Heap
[2024-02-25T21:57:02.881+0000][gc,heap,exit]  garbage-first heap   total 1048576K, used 19920K [0x00000007c0000000, 0x0000000800000000)
[2024-02-25T21:57:02.881+0000][gc,heap,exit]   region size 1024K, 18 young (18432K), 7 survivors (7168K)
[2024-02-25T21:57:02.881+0000][gc,heap,exit]  Metaspace       used 21006K, committed 21248K, reserved 1114112K
[2024-02-25T21:57:02.881+0000][gc,heap,exit]   class space    used 2440K, committed 2560K, reserved 1048576K
