[2024-04-08T13:33:07.811+0100][gc,init] CardTable entry size: 512
[2024-04-08T13:33:07.812+0100][gc     ] Using G1
[2024-04-08T13:33:07.813+0100][gc,init] Version: 21+35-LTS-2513 (release)
[2024-04-08T13:33:07.813+0100][gc,init] CPUs: 8 total, 8 available
[2024-04-08T13:33:07.813+0100][gc,init] Memory: 8192M
[2024-04-08T13:33:07.813+0100][gc,init] Large Page Support: Disabled
[2024-04-08T13:33:07.813+0100][gc,init] NUMA Support: Disabled
[2024-04-08T13:33:07.813+0100][gc,init] Compressed Oops: Enabled (Zero based)
[2024-04-08T13:33:07.813+0100][gc,init] Heap Region Size: 1M
[2024-04-08T13:33:07.813+0100][gc,init] Heap Min Capacity: 1G
[2024-04-08T13:33:07.813+0100][gc,init] Heap Initial Capacity: 1G
[2024-04-08T13:33:07.813+0100][gc,init] Heap Max Capacity: 1G
[2024-04-08T13:33:07.813+0100][gc,init] Pre-touch: Disabled
[2024-04-08T13:33:07.813+0100][gc,init] Parallel Workers: 8
[2024-04-08T13:33:07.813+0100][gc,init] Concurrent Workers: 2
[2024-04-08T13:33:07.813+0100][gc,init] Concurrent Refinement Workers: 8
[2024-04-08T13:33:07.813+0100][gc,init] Periodic GC: Disabled
[2024-04-08T13:33:07.818+0100][gc,metaspace] CDS archive(s) mapped at: [0x0000007000000000-0x0000007000ca4000-0x0000007000ca4000), size 13254656, SharedBaseAddress: 0x0000007000000000, ArchiveRelocationMode: 1.
[2024-04-08T13:33:07.818+0100][gc,metaspace] Compressed class space mapped at: 0x0000007001000000-0x0000007041000000, reserved size: 1073741824
[2024-04-08T13:33:07.818+0100][gc,metaspace] Narrow klass base: 0x0000007000000000, Narrow klass shift: 0, Narrow klass range: 0x100000000
[2024-04-08T13:33:08.663+0100][gc,start    ] GC(0) Pause Young (Normal) (G1 Evacuation Pause)
[2024-04-08T13:33:08.663+0100][gc,task     ] GC(0) Using 8 workers of 8 for evacuation
[2024-04-08T13:33:08.666+0100][gc,phases   ] GC(0)   Pre Evacuate Collection Set: 0.4ms
[2024-04-08T13:33:08.666+0100][gc,phases   ] GC(0)   Merge Heap Roots: 0.1ms
[2024-04-08T13:33:08.666+0100][gc,phases   ] GC(0)   Evacuate Collection Set: 2.6ms
[2024-04-08T13:33:08.666+0100][gc,phases   ] GC(0)   Post Evacuate Collection Set: 0.4ms
[2024-04-08T13:33:08.666+0100][gc,phases   ] GC(0)   Other: 0.3ms
[2024-04-08T13:33:08.666+0100][gc,heap     ] GC(0) Eden regions: 51->0(44)
[2024-04-08T13:33:08.666+0100][gc,heap     ] GC(0) Survivor regions: 0->7(7)
[2024-04-08T13:33:08.666+0100][gc,heap     ] GC(0) Old regions: 2->3
[2024-04-08T13:33:08.666+0100][gc,heap     ] GC(0) Humongous regions: 0->0
[2024-04-08T13:33:08.666+0100][gc,metaspace] GC(0) Metaspace: 18314K(18560K)->18314K(18560K) NonClass: 16217K(16384K)->16217K(16384K) Class: 2096K(2176K)->2096K(2176K)
[2024-04-08T13:33:08.666+0100][gc          ] GC(0) Pause Young (Normal) (G1 Evacuation Pause) 52M->8M(1024M) 3.838ms
[2024-04-08T13:33:08.666+0100][gc,cpu      ] GC(0) User=0.02s Sys=0.00s Real=0.00s
[2024-04-08T13:33:08.790+0100][gc,start    ] GC(1) Pause Young (Concurrent Start) (Metadata GC Threshold)
[2024-04-08T13:33:08.790+0100][gc,task     ] GC(1) Using 8 workers of 8 for evacuation
[2024-04-08T13:33:08.793+0100][gc,phases   ] GC(1)   Pre Evacuate Collection Set: 0.2ms
[2024-04-08T13:33:08.793+0100][gc,phases   ] GC(1)   Merge Heap Roots: 0.0ms
[2024-04-08T13:33:08.793+0100][gc,phases   ] GC(1)   Evacuate Collection Set: 2.3ms
[2024-04-08T13:33:08.793+0100][gc,phases   ] GC(1)   Post Evacuate Collection Set: 0.2ms
[2024-04-08T13:33:08.793+0100][gc,phases   ] GC(1)   Other: 0.0ms
[2024-04-08T13:33:08.793+0100][gc,heap     ] GC(1) Eden regions: 12->0(50)
[2024-04-08T13:33:08.793+0100][gc,heap     ] GC(1) Survivor regions: 7->1(7)
[2024-04-08T13:33:08.793+0100][gc,heap     ] GC(1) Old regions: 3->10
[2024-04-08T13:33:08.793+0100][gc,heap     ] GC(1) Humongous regions: 0->0
[2024-04-08T13:33:08.793+0100][gc,metaspace] GC(1) Metaspace: 21287K(21504K)->21287K(21504K) NonClass: 18801K(18880K)->18801K(18880K) Class: 2486K(2624K)->2486K(2624K)
[2024-04-08T13:33:08.793+0100][gc          ] GC(1) Pause Young (Concurrent Start) (Metadata GC Threshold) 20M->9M(1024M) 2.999ms
[2024-04-08T13:33:08.793+0100][gc,cpu      ] GC(1) User=0.01s Sys=0.00s Real=0.00s
[2024-04-08T13:33:08.793+0100][gc          ] GC(2) Concurrent Mark Cycle
[2024-04-08T13:33:08.793+0100][gc,marking  ] GC(2) Concurrent Scan Root Regions
[2024-04-08T13:33:08.795+0100][gc,marking  ] GC(2) Concurrent Scan Root Regions 2.002ms
[2024-04-08T13:33:08.795+0100][gc,marking  ] GC(2) Concurrent Mark
[2024-04-08T13:33:08.795+0100][gc,marking  ] GC(2) Concurrent Mark From Roots
[2024-04-08T13:33:08.795+0100][gc,task     ] GC(2) Using 2 workers of 2 for marking
[2024-04-08T13:33:08.796+0100][gc,marking  ] GC(2) Concurrent Mark From Roots 1.145ms
[2024-04-08T13:33:08.796+0100][gc,marking  ] GC(2) Concurrent Preclean
[2024-04-08T13:33:08.796+0100][gc,marking  ] GC(2) Concurrent Preclean 0.008ms
[2024-04-08T13:33:08.796+0100][gc,start    ] GC(2) Pause Remark
[2024-04-08T13:33:08.798+0100][gc          ] GC(2) Pause Remark 10M->10M(1024M) 1.363ms
[2024-04-08T13:33:08.798+0100][gc,cpu      ] GC(2) User=0.00s Sys=0.00s Real=0.00s
[2024-04-08T13:33:08.798+0100][gc,marking  ] GC(2) Concurrent Mark 2.598ms
[2024-04-08T13:33:08.798+0100][gc,marking  ] GC(2) Concurrent Rebuild Remembered Sets and Scrub Regions
[2024-04-08T13:33:08.799+0100][gc,marking  ] GC(2) Concurrent Rebuild Remembered Sets and Scrub Regions 1.645ms
[2024-04-08T13:33:08.799+0100][gc,start    ] GC(2) Pause Cleanup
[2024-04-08T13:33:08.800+0100][gc          ] GC(2) Pause Cleanup 10M->10M(1024M) 0.077ms
[2024-04-08T13:33:08.800+0100][gc,cpu      ] GC(2) User=0.00s Sys=0.00s Real=0.01s
[2024-04-08T13:33:08.800+0100][gc,marking  ] GC(2) Concurrent Clear Claimed Marks
[2024-04-08T13:33:08.800+0100][gc,marking  ] GC(2) Concurrent Clear Claimed Marks 0.010ms
[2024-04-08T13:33:08.800+0100][gc,marking  ] GC(2) Concurrent Cleanup for Next Mark
[2024-04-08T13:33:08.801+0100][gc,marking  ] GC(2) Concurrent Cleanup for Next Mark 1.497ms
[2024-04-08T13:33:08.801+0100][gc          ] GC(2) Concurrent Mark Cycle 7.971ms
[2024-04-08T13:33:09.334+0100][gc,start    ] GC(3) Pause Young (Prepare Mixed) (G1 Evacuation Pause)
[2024-04-08T13:33:09.334+0100][gc,task     ] GC(3) Using 8 workers of 8 for evacuation
[2024-04-08T13:33:09.336+0100][gc,phases   ] GC(3)   Pre Evacuate Collection Set: 0.2ms
[2024-04-08T13:33:09.336+0100][gc,phases   ] GC(3)   Merge Heap Roots: 0.0ms
[2024-04-08T13:33:09.336+0100][gc,phases   ] GC(3)   Evacuate Collection Set: 2.3ms
[2024-04-08T13:33:09.337+0100][gc,phases   ] GC(3)   Post Evacuate Collection Set: 0.3ms
[2024-04-08T13:33:09.337+0100][gc,phases   ] GC(3)   Other: 0.0ms
[2024-04-08T13:33:09.337+0100][gc,heap     ] GC(3) Eden regions: 50->0(44)
[2024-04-08T13:33:09.337+0100][gc,heap     ] GC(3) Survivor regions: 1->7(7)
[2024-04-08T13:33:09.337+0100][gc,heap     ] GC(3) Old regions: 10->10
[2024-04-08T13:33:09.337+0100][gc,heap     ] GC(3) Humongous regions: 129->129
[2024-04-08T13:33:09.337+0100][gc,metaspace] GC(3) Metaspace: 31476K(31872K)->31476K(31872K) NonClass: 27969K(28160K)->27969K(28160K) Class: 3507K(3712K)->3507K(3712K)
[2024-04-08T13:33:09.337+0100][gc          ] GC(3) Pause Young (Prepare Mixed) (G1 Evacuation Pause) 188M->144M(1024M) 2.934ms
[2024-04-08T13:33:09.337+0100][gc,cpu      ] GC(3) User=0.02s Sys=0.01s Real=0.00s
[2024-04-08T13:33:09.435+0100][gc,start    ] GC(4) Pause Young (Mixed) (Metadata GC Threshold)
[2024-04-08T13:33:09.435+0100][gc,task     ] GC(4) Using 8 workers of 8 for evacuation
[2024-04-08T13:33:09.438+0100][gc,phases   ] GC(4)   Pre Evacuate Collection Set: 0.1ms
[2024-04-08T13:33:09.438+0100][gc,phases   ] GC(4)   Merge Heap Roots: 0.0ms
[2024-04-08T13:33:09.438+0100][gc,phases   ] GC(4)   Evacuate Collection Set: 2.8ms
[2024-04-08T13:33:09.438+0100][gc,phases   ] GC(4)   Post Evacuate Collection Set: 0.2ms
[2024-04-08T13:33:09.438+0100][gc,phases   ] GC(4)   Other: 0.0ms
[2024-04-08T13:33:09.438+0100][gc,heap     ] GC(4) Eden regions: 17->0(49)
[2024-04-08T13:33:09.438+0100][gc,heap     ] GC(4) Survivor regions: 7->2(7)
[2024-04-08T13:33:09.438+0100][gc,heap     ] GC(4) Old regions: 10->15
[2024-04-08T13:33:09.438+0100][gc,heap     ] GC(4) Humongous regions: 129->129
[2024-04-08T13:33:09.438+0100][gc,metaspace] GC(4) Metaspace: 35731K(36096K)->35731K(36096K) NonClass: 31817K(32000K)->31817K(32000K) Class: 3913K(4096K)->3913K(4096K)
[2024-04-08T13:33:09.438+0100][gc          ] GC(4) Pause Young (Mixed) (Metadata GC Threshold) 160M->145M(1024M) 3.405ms
[2024-04-08T13:33:09.438+0100][gc,cpu      ] GC(4) User=0.02s Sys=0.00s Real=0.00s
[2024-04-08T13:33:09.453+0100][gc,start    ] GC(5) Pause Young (Concurrent Start) (Metadata GC Threshold)
[2024-04-08T13:33:09.453+0100][gc,task     ] GC(5) Using 8 workers of 8 for evacuation
[2024-04-08T13:33:09.454+0100][gc,phases   ] GC(5)   Pre Evacuate Collection Set: 0.1ms
[2024-04-08T13:33:09.454+0100][gc,phases   ] GC(5)   Merge Heap Roots: 0.1ms
[2024-04-08T13:33:09.455+0100][gc,phases   ] GC(5)   Evacuate Collection Set: 0.8ms
[2024-04-08T13:33:09.455+0100][gc,phases   ] GC(5)   Post Evacuate Collection Set: 0.2ms
[2024-04-08T13:33:09.455+0100][gc,phases   ] GC(5)   Other: 0.0ms
[2024-04-08T13:33:09.455+0100][gc,heap     ] GC(5) Eden regions: 3->0(49)
[2024-04-08T13:33:09.455+0100][gc,heap     ] GC(5) Survivor regions: 2->2(7)
[2024-04-08T13:33:09.455+0100][gc,heap     ] GC(5) Old regions: 15->15
[2024-04-08T13:33:09.455+0100][gc,heap     ] GC(5) Humongous regions: 129->129
[2024-04-08T13:33:09.455+0100][gc,metaspace] GC(5) Metaspace: 36054K(36416K)->36054K(36416K) NonClass: 32069K(32256K)->32069K(32256K) Class: 3984K(4160K)->3984K(4160K)
[2024-04-08T13:33:09.455+0100][gc          ] GC(5) Pause Young (Concurrent Start) (Metadata GC Threshold) 147M->145M(1024M) 1.358ms
[2024-04-08T13:33:09.455+0100][gc          ] GC(6) Concurrent Mark Cycle
[2024-04-08T13:33:09.455+0100][gc,cpu      ] GC(5) User=0.01s Sys=0.00s Real=0.00s
[2024-04-08T13:33:09.455+0100][gc,marking  ] GC(6) Concurrent Scan Root Regions
[2024-04-08T13:33:09.456+0100][gc,marking  ] GC(6) Concurrent Scan Root Regions 1.004ms
[2024-04-08T13:33:09.456+0100][gc,marking  ] GC(6) Concurrent Mark
[2024-04-08T13:33:09.456+0100][gc,marking  ] GC(6) Concurrent Mark From Roots
[2024-04-08T13:33:09.456+0100][gc,task     ] GC(6) Using 2 workers of 2 for marking
[2024-04-08T13:33:09.465+0100][gc,marking  ] GC(6) Concurrent Mark From Roots 8.984ms
[2024-04-08T13:33:09.465+0100][gc,marking  ] GC(6) Concurrent Preclean
[2024-04-08T13:33:09.465+0100][gc,marking  ] GC(6) Concurrent Preclean 0.048ms
[2024-04-08T13:33:09.465+0100][gc,start    ] GC(6) Pause Remark
[2024-04-08T13:33:09.466+0100][gc          ] GC(6) Pause Remark 147M->147M(1024M) 1.193ms
[2024-04-08T13:33:09.468+0100][gc,cpu      ] GC(6) User=0.01s Sys=0.00s Real=0.00s
[2024-04-08T13:33:09.468+0100][gc,marking  ] GC(6) Concurrent Mark 12.029ms
[2024-04-08T13:33:09.468+0100][gc,marking  ] GC(6) Concurrent Rebuild Remembered Sets and Scrub Regions
[2024-04-08T13:33:09.472+0100][gc,marking  ] GC(6) Concurrent Rebuild Remembered Sets and Scrub Regions 4.079ms
[2024-04-08T13:33:09.472+0100][gc,start    ] GC(6) Pause Cleanup
[2024-04-08T13:33:09.472+0100][gc          ] GC(6) Pause Cleanup 147M->147M(1024M) 0.097ms
[2024-04-08T13:33:09.472+0100][gc,cpu      ] GC(6) User=0.00s Sys=0.00s Real=0.00s
[2024-04-08T13:33:09.472+0100][gc,marking  ] GC(6) Concurrent Clear Claimed Marks
[2024-04-08T13:33:09.472+0100][gc,marking  ] GC(6) Concurrent Clear Claimed Marks 0.013ms
[2024-04-08T13:33:09.472+0100][gc,marking  ] GC(6) Concurrent Cleanup for Next Mark
[2024-04-08T13:33:09.473+0100][gc,marking  ] GC(6) Concurrent Cleanup for Next Mark 0.997ms
[2024-04-08T13:33:09.473+0100][gc          ] GC(6) Concurrent Mark Cycle 18.518ms
[2024-04-08T13:54:29.836+0100][gc,start    ] GC(7) Pause Young (Prepare Mixed) (G1 Evacuation Pause)
[2024-04-08T13:54:29.843+0100][gc,task     ] GC(7) Using 8 workers of 8 for evacuation
[2024-04-08T13:54:29.916+0100][gc,mmu      ] GC(7) MMU target violated: 21.0ms (20.0ms/21.0ms)
[2024-04-08T13:54:29.916+0100][gc,phases   ] GC(7)   Pre Evacuate Collection Set: 5.7ms
[2024-04-08T13:54:29.916+0100][gc,phases   ] GC(7)   Merge Heap Roots: 1.2ms
[2024-04-08T13:54:29.916+0100][gc,phases   ] GC(7)   Evacuate Collection Set: 63.2ms
[2024-04-08T13:54:29.916+0100][gc,phases   ] GC(7)   Post Evacuate Collection Set: 1.3ms
[2024-04-08T13:54:29.916+0100][gc,phases   ] GC(7)   Other: 2.5ms
[2024-04-08T13:54:29.916+0100][gc,heap     ] GC(7) Eden regions: 49->0(48)
[2024-04-08T13:54:29.916+0100][gc,heap     ] GC(7) Survivor regions: 2->3(7)
[2024-04-08T13:54:29.916+0100][gc,heap     ] GC(7) Old regions: 15->15
[2024-04-08T13:54:29.916+0100][gc,heap     ] GC(7) Humongous regions: 135->129
[2024-04-08T13:54:29.916+0100][gc,metaspace] GC(7) Metaspace: 40129K(40640K)->40129K(40640K) NonClass: 35483K(35776K)->35483K(35776K) Class: 4645K(4864K)->4645K(4864K)
[2024-04-08T13:54:29.916+0100][gc          ] GC(7) Pause Young (Prepare Mixed) (G1 Evacuation Pause) 200M->146M(1024M) 81.351ms
[2024-04-08T13:54:29.916+0100][gc,cpu      ] GC(7) User=0.01s Sys=0.05s Real=0.08s
[2024-04-08T14:34:29.755+0100][gc,start    ] GC(8) Pause Young (Mixed) (G1 Evacuation Pause)
[2024-04-08T14:34:29.760+0100][gc,task     ] GC(8) Using 8 workers of 8 for evacuation
[2024-04-08T14:34:29.871+0100][gc,mmu      ] GC(8) MMU target violated: 21.0ms (20.0ms/21.0ms)
[2024-04-08T14:34:29.872+0100][gc,phases   ] GC(8)   Pre Evacuate Collection Set: 3.1ms
[2024-04-08T14:34:29.872+0100][gc,phases   ] GC(8)   Merge Heap Roots: 1.5ms
[2024-04-08T14:34:29.872+0100][gc,phases   ] GC(8)   Evacuate Collection Set: 104.3ms
[2024-04-08T14:34:29.872+0100][gc,phases   ] GC(8)   Post Evacuate Collection Set: 1.6ms
[2024-04-08T14:34:29.872+0100][gc,phases   ] GC(8)   Other: 2.3ms
[2024-04-08T14:34:29.872+0100][gc,heap     ] GC(8) Eden regions: 48->0(47)
[2024-04-08T14:34:29.872+0100][gc,heap     ] GC(8) Survivor regions: 3->4(7)
[2024-04-08T14:34:29.872+0100][gc,heap     ] GC(8) Old regions: 15->15
[2024-04-08T14:34:29.872+0100][gc,heap     ] GC(8) Humongous regions: 129->129
[2024-04-08T14:34:29.872+0100][gc,metaspace] GC(8) Metaspace: 40369K(40960K)->40369K(40960K) NonClass: 35720K(36096K)->35720K(36096K) Class: 4649K(4864K)->4649K(4864K)
[2024-04-08T14:34:29.872+0100][gc          ] GC(8) Pause Young (Mixed) (G1 Evacuation Pause) 194M->146M(1024M) 117.405ms
[2024-04-08T14:34:29.872+0100][gc,cpu      ] GC(8) User=0.09s Sys=0.06s Real=0.12s
[2024-04-08T15:14:54.784+0100][gc,start    ] GC(9) Pause Young (Normal) (G1 Evacuation Pause)
[2024-04-08T15:14:54.789+0100][gc,task     ] GC(9) Using 8 workers of 8 for evacuation
[2024-04-08T15:14:54.865+0100][gc,mmu      ] GC(9) MMU target violated: 21.0ms (20.0ms/21.0ms)
[2024-04-08T15:14:54.866+0100][gc,phases   ] GC(9)   Pre Evacuate Collection Set: 5.5ms
[2024-04-08T15:14:54.866+0100][gc,phases   ] GC(9)   Merge Heap Roots: 0.3ms
[2024-04-08T15:14:54.866+0100][gc,phases   ] GC(9)   Evacuate Collection Set: 69.5ms
[2024-04-08T15:14:54.866+0100][gc,phases   ] GC(9)   Post Evacuate Collection Set: 1.1ms
[2024-04-08T15:14:54.866+0100][gc,phases   ] GC(9)   Other: 2.4ms
[2024-04-08T15:14:54.866+0100][gc,heap     ] GC(9) Eden regions: 47->0(47)
[2024-04-08T15:14:54.866+0100][gc,heap     ] GC(9) Survivor regions: 4->4(7)
[2024-04-08T15:14:54.866+0100][gc,heap     ] GC(9) Old regions: 15->15
[2024-04-08T15:14:54.866+0100][gc,heap     ] GC(9) Humongous regions: 129->129
[2024-04-08T15:14:54.866+0100][gc,metaspace] GC(9) Metaspace: 40436K(40960K)->40436K(40960K) NonClass: 35787K(36096K)->35787K(36096K) Class: 4649K(4864K)->4649K(4864K)
[2024-04-08T15:14:54.866+0100][gc          ] GC(9) Pause Young (Normal) (G1 Evacuation Pause) 193M->146M(1024M) 82.706ms
[2024-04-08T15:14:54.866+0100][gc,cpu      ] GC(9) User=0.06s Sys=0.05s Real=0.08s
[2024-04-08T17:05:47.070+0100][gc,start    ] GC(10) Pause Young (Normal) (G1 Evacuation Pause)
[2024-04-08T17:05:47.075+0100][gc,task     ] GC(10) Using 8 workers of 8 for evacuation
[2024-04-08T17:05:47.129+0100][gc,mmu      ] GC(10) MMU target violated: 21.0ms (20.0ms/21.0ms)
[2024-04-08T17:05:47.129+0100][gc,phases   ] GC(10)   Pre Evacuate Collection Set: 3.2ms
[2024-04-08T17:05:47.129+0100][gc,phases   ] GC(10)   Merge Heap Roots: 0.6ms
[2024-04-08T17:05:47.129+0100][gc,phases   ] GC(10)   Evacuate Collection Set: 47.1ms
[2024-04-08T17:05:47.129+0100][gc,phases   ] GC(10)   Post Evacuate Collection Set: 2.7ms
[2024-04-08T17:05:47.129+0100][gc,phases   ] GC(10)   Other: 1.7ms
[2024-04-08T17:05:47.129+0100][gc,heap     ] GC(10) Eden regions: 47->0(47)
[2024-04-08T17:05:47.129+0100][gc,heap     ] GC(10) Survivor regions: 4->4(7)
[2024-04-08T17:05:47.129+0100][gc,heap     ] GC(10) Old regions: 15->15
[2024-04-08T17:05:47.129+0100][gc,heap     ] GC(10) Humongous regions: 129->129
[2024-04-08T17:05:47.129+0100][gc,metaspace] GC(10) Metaspace: 40480K(41024K)->40480K(41024K) NonClass: 35831K(36160K)->35831K(36160K) Class: 4649K(4864K)->4649K(4864K)
[2024-04-08T17:05:47.130+0100][gc          ] GC(10) Pause Young (Normal) (G1 Evacuation Pause) 193M->146M(1024M) 60.317ms
[2024-04-08T17:05:47.130+0100][gc,cpu      ] GC(10) User=0.04s Sys=0.04s Real=0.07s
[2024-04-08T18:03:02.650+0100][gc,start    ] GC(11) Pause Young (Normal) (G1 Evacuation Pause)
[2024-04-08T18:03:02.654+0100][gc,task     ] GC(11) Using 8 workers of 8 for evacuation
[2024-04-08T18:03:02.741+0100][gc,mmu      ] GC(11) MMU target violated: 21.0ms (20.0ms/21.0ms)
[2024-04-08T18:03:02.742+0100][gc,phases   ] GC(11)   Pre Evacuate Collection Set: 3.5ms
[2024-04-08T18:03:02.742+0100][gc,phases   ] GC(11)   Merge Heap Roots: 0.2ms
[2024-04-08T18:03:02.742+0100][gc,phases   ] GC(11)   Evacuate Collection Set: 81.2ms
[2024-04-08T18:03:02.742+0100][gc,phases   ] GC(11)   Post Evacuate Collection Set: 1.6ms
[2024-04-08T18:03:02.742+0100][gc,phases   ] GC(11)   Other: 1.3ms
[2024-04-08T18:03:02.742+0100][gc,heap     ] GC(11) Eden regions: 47->0(48)
[2024-04-08T18:03:02.742+0100][gc,heap     ] GC(11) Survivor regions: 4->3(7)
[2024-04-08T18:03:02.742+0100][gc,heap     ] GC(11) Old regions: 15->15
[2024-04-08T18:03:02.742+0100][gc,heap     ] GC(11) Humongous regions: 129->129
[2024-04-08T18:03:02.742+0100][gc,metaspace] GC(11) Metaspace: 40493K(41024K)->40493K(41024K) NonClass: 35843K(36160K)->35843K(36160K) Class: 4649K(4864K)->4649K(4864K)
[2024-04-08T18:03:02.742+0100][gc          ] GC(11) Pause Young (Normal) (G1 Evacuation Pause) 193M->146M(1024M) 92.470ms
[2024-04-08T18:03:02.742+0100][gc,cpu      ] GC(11) User=0.06s Sys=0.06s Real=0.10s
[2024-04-08T18:40:17.951+0100][gc,start    ] GC(12) Pause Young (Normal) (G1 Evacuation Pause)
[2024-04-08T18:40:17.968+0100][gc,task     ] GC(12) Using 8 workers of 8 for evacuation
[2024-04-08T18:40:18.064+0100][gc,mmu      ] GC(12) MMU target violated: 21.0ms (20.0ms/21.0ms)
[2024-04-08T18:40:18.064+0100][gc,phases   ] GC(12)   Pre Evacuate Collection Set: 6.9ms
[2024-04-08T18:40:18.064+0100][gc,phases   ] GC(12)   Merge Heap Roots: 1.5ms
[2024-04-08T18:40:18.064+0100][gc,phases   ] GC(12)   Evacuate Collection Set: 83.2ms
[2024-04-08T18:40:18.064+0100][gc,phases   ] GC(12)   Post Evacuate Collection Set: 2.7ms
[2024-04-08T18:40:18.064+0100][gc,phases   ] GC(12)   Other: 12.4ms
[2024-04-08T18:40:18.065+0100][gc,heap     ] GC(12) Eden regions: 48->0(47)
[2024-04-08T18:40:18.065+0100][gc,heap     ] GC(12) Survivor regions: 3->4(7)
[2024-04-08T18:40:18.065+0100][gc,heap     ] GC(12) Old regions: 15->15
[2024-04-08T18:40:18.065+0100][gc,heap     ] GC(12) Humongous regions: 129->129
[2024-04-08T18:40:18.065+0100][gc,metaspace] GC(12) Metaspace: 40606K(41152K)->40606K(41152K) NonClass: 35955K(36288K)->35955K(36288K) Class: 4650K(4864K)->4650K(4864K)
[2024-04-08T18:40:18.065+0100][gc          ] GC(12) Pause Young (Normal) (G1 Evacuation Pause) 194M->146M(1024M) 114.378ms
[2024-04-08T18:40:18.065+0100][gc,cpu      ] GC(12) User=0.04s Sys=0.05s Real=0.11s
[2024-04-08T19:20:54.002+0100][gc,start    ] GC(13) Pause Young (Normal) (G1 Evacuation Pause)
[2024-04-08T19:20:54.007+0100][gc,task     ] GC(13) Using 8 workers of 8 for evacuation
[2024-04-08T19:20:54.092+0100][gc,mmu      ] GC(13) MMU target violated: 21.0ms (20.0ms/21.0ms)
[2024-04-08T19:20:54.092+0100][gc,phases   ] GC(13)   Pre Evacuate Collection Set: 4.3ms
[2024-04-08T19:20:54.092+0100][gc,phases   ] GC(13)   Merge Heap Roots: 3.4ms
[2024-04-08T19:20:54.092+0100][gc,phases   ] GC(13)   Evacuate Collection Set: 69.1ms
[2024-04-08T19:20:54.092+0100][gc,phases   ] GC(13)   Post Evacuate Collection Set: 6.3ms
[2024-04-08T19:20:54.092+0100][gc,phases   ] GC(13)   Other: 3.0ms
[2024-04-08T19:20:54.092+0100][gc,heap     ] GC(13) Eden regions: 47->0(47)
[2024-04-08T19:20:54.092+0100][gc,heap     ] GC(13) Survivor regions: 4->4(7)
[2024-04-08T19:20:54.092+0100][gc,heap     ] GC(13) Old regions: 15->15
[2024-04-08T19:20:54.092+0100][gc,heap     ] GC(13) Humongous regions: 129->129
[2024-04-08T19:20:54.092+0100][gc,metaspace] GC(13) Metaspace: 40618K(41216K)->40618K(41216K) NonClass: 35967K(36352K)->35967K(36352K) Class: 4650K(4864K)->4650K(4864K)
[2024-04-08T19:20:54.093+0100][gc          ] GC(13) Pause Young (Normal) (G1 Evacuation Pause) 193M->146M(1024M) 91.490ms
[2024-04-08T19:20:54.093+0100][gc,cpu      ] GC(13) User=0.05s Sys=0.06s Real=0.09s
[2024-04-08T20:01:33.526+0100][gc,start    ] GC(14) Pause Young (Normal) (G1 Evacuation Pause)
[2024-04-08T20:01:33.534+0100][gc,task     ] GC(14) Using 8 workers of 8 for evacuation
[2024-04-08T20:01:33.620+0100][gc,mmu      ] GC(14) MMU target violated: 21.0ms (20.0ms/21.0ms)
[2024-04-08T20:01:33.620+0100][gc,phases   ] GC(14)   Pre Evacuate Collection Set: 9.3ms
[2024-04-08T20:01:33.620+0100][gc,phases   ] GC(14)   Merge Heap Roots: 0.9ms
[2024-04-08T20:01:33.620+0100][gc,phases   ] GC(14)   Evacuate Collection Set: 70.4ms
[2024-04-08T20:01:33.620+0100][gc,phases   ] GC(14)   Post Evacuate Collection Set: 1.9ms
[2024-04-08T20:01:33.621+0100][gc,phases   ] GC(14)   Other: 7.7ms
[2024-04-08T20:01:33.621+0100][gc,heap     ] GC(14) Eden regions: 47->0(47)
[2024-04-08T20:01:33.621+0100][gc,heap     ] GC(14) Survivor regions: 4->4(7)
[2024-04-08T20:01:33.621+0100][gc,heap     ] GC(14) Old regions: 15->15
[2024-04-08T20:01:33.621+0100][gc,heap     ] GC(14) Humongous regions: 129->129
[2024-04-08T20:01:33.622+0100][gc,metaspace] GC(14) Metaspace: 40620K(41216K)->40620K(41216K) NonClass: 35969K(36352K)->35969K(36352K) Class: 4650K(4864K)->4650K(4864K)
[2024-04-08T20:01:33.622+0100][gc          ] GC(14) Pause Young (Normal) (G1 Evacuation Pause) 193M->146M(1024M) 96.687ms
[2024-04-08T20:01:33.622+0100][gc,cpu      ] GC(14) User=0.06s Sys=0.04s Real=0.10s
[2024-04-08T20:50:23.256+0100][gc,start    ] GC(15) Pause Young (Normal) (G1 Evacuation Pause)
[2024-04-08T20:50:23.257+0100][gc,task     ] GC(15) Using 8 workers of 8 for evacuation
[2024-04-08T20:50:23.370+0100][gc,mmu      ] GC(15) MMU target violated: 21.0ms (20.0ms/21.0ms)
[2024-04-08T20:50:23.370+0100][gc,phases   ] GC(15)   Pre Evacuate Collection Set: 4.2ms
[2024-04-08T20:50:23.370+0100][gc,phases   ] GC(15)   Merge Heap Roots: 1.4ms
[2024-04-08T20:50:23.370+0100][gc,phases   ] GC(15)   Evacuate Collection Set: 104.5ms
[2024-04-08T20:50:23.370+0100][gc,phases   ] GC(15)   Post Evacuate Collection Set: 1.9ms
[2024-04-08T20:50:23.370+0100][gc,phases   ] GC(15)   Other: 1.3ms
[2024-04-08T20:50:23.370+0100][gc,heap     ] GC(15) Eden regions: 47->0(47)
[2024-04-08T20:50:23.370+0100][gc,heap     ] GC(15) Survivor regions: 4->4(7)
[2024-04-08T20:50:23.370+0100][gc,heap     ] GC(15) Old regions: 15->15
[2024-04-08T20:50:23.370+0100][gc,heap     ] GC(15) Humongous regions: 129->129
[2024-04-08T20:50:23.370+0100][gc,metaspace] GC(15) Metaspace: 40621K(41216K)->40621K(41216K) NonClass: 35970K(36352K)->35970K(36352K) Class: 4650K(4864K)->4650K(4864K)
[2024-04-08T20:50:23.371+0100][gc          ] GC(15) Pause Young (Normal) (G1 Evacuation Pause) 193M->147M(1024M) 114.609ms
[2024-04-08T20:50:23.371+0100][gc,cpu      ] GC(15) User=0.07s Sys=0.06s Real=0.12s
