[2023-11-29T15:59:45.545+0000][gc,init] CardTable entry size: 512
[2023-11-29T15:59:45.546+0000][gc     ] Using G1
[2023-11-29T15:59:45.548+0000][gc,init] Version: 21+35-LTS-2513 (release)
[2023-11-29T15:59:45.548+0000][gc,init] CPUs: 8 total, 8 available
[2023-11-29T15:59:45.548+0000][gc,init] Memory: 8192M
[2023-11-29T15:59:45.548+0000][gc,init] Large Page Support: Disabled
[2023-11-29T15:59:45.548+0000][gc,init] NUMA Support: Disabled
[2023-11-29T15:59:45.548+0000][gc,init] Compressed Oops: Enabled (Zero based)
[2023-11-29T15:59:45.548+0000][gc,init] Heap Region Size: 1M
[2023-11-29T15:59:45.548+0000][gc,init] Heap Min Capacity: 1G
[2023-11-29T15:59:45.548+0000][gc,init] Heap Initial Capacity: 1G
[2023-11-29T15:59:45.548+0000][gc,init] Heap Max Capacity: 1G
[2023-11-29T15:59:45.548+0000][gc,init] Pre-touch: Disabled
[2023-11-29T15:59:45.548+0000][gc,init] Parallel Workers: 8
[2023-11-29T15:59:45.548+0000][gc,init] Concurrent Workers: 2
[2023-11-29T15:59:45.548+0000][gc,init] Concurrent Refinement Workers: 8
[2023-11-29T15:59:45.548+0000][gc,init] Periodic GC: Disabled
[2023-11-29T15:59:45.555+0000][gc,metaspace] CDS archive(s) mapped at: [0x000000e800000000-0x000000e800ca4000-0x000000e800ca4000), size 13254656, SharedBaseAddress: 0x000000e800000000, ArchiveRelocationMode: 1.
[2023-11-29T15:59:45.555+0000][gc,metaspace] Compressed class space mapped at: 0x000000e801000000-0x000000e841000000, reserved size: 1073741824
[2023-11-29T15:59:45.555+0000][gc,metaspace] Narrow klass base: 0x000000e800000000, Narrow klass shift: 0, Narrow klass range: 0x100000000
[2023-11-29T15:59:47.449+0000][gc,start    ] GC(0) Pause Young (Normal) (G1 Evacuation Pause)
[2023-11-29T15:59:47.449+0000][gc,task     ] GC(0) Using 8 workers of 8 for evacuation
[2023-11-29T15:59:47.454+0000][gc,phases   ] GC(0)   Pre Evacuate Collection Set: 0.3ms
[2023-11-29T15:59:47.454+0000][gc,phases   ] GC(0)   Merge Heap Roots: 0.3ms
[2023-11-29T15:59:47.454+0000][gc,phases   ] GC(0)   Evacuate Collection Set: 3.7ms
[2023-11-29T15:59:47.454+0000][gc,phases   ] GC(0)   Post Evacuate Collection Set: 0.6ms
[2023-11-29T15:59:47.454+0000][gc,phases   ] GC(0)   Other: 0.5ms
[2023-11-29T15:59:47.454+0000][gc,heap     ] GC(0) Eden regions: 51->0(44)
[2023-11-29T15:59:47.454+0000][gc,heap     ] GC(0) Survivor regions: 0->7(7)
[2023-11-29T15:59:47.454+0000][gc,heap     ] GC(0) Old regions: 2->3
[2023-11-29T15:59:47.454+0000][gc,heap     ] GC(0) Humongous regions: 0->0
[2023-11-29T15:59:47.454+0000][gc,metaspace] GC(0) Metaspace: 18308K(18560K)->18308K(18560K) NonClass: 16212K(16384K)->16212K(16384K) Class: 2095K(2176K)->2095K(2176K)
[2023-11-29T15:59:47.455+0000][gc          ] GC(0) Pause Young (Normal) (G1 Evacuation Pause) 52M->8M(1024M) 5.969ms
[2023-11-29T15:59:47.455+0000][gc,cpu      ] GC(0) User=0.02s Sys=0.01s Real=0.01s
[2023-11-29T15:59:47.705+0000][gc,start    ] GC(1) Pause Young (Concurrent Start) (Metadata GC Threshold)
[2023-11-29T15:59:47.705+0000][gc,task     ] GC(1) Using 8 workers of 8 for evacuation
[2023-11-29T15:59:47.709+0000][gc,phases   ] GC(1)   Pre Evacuate Collection Set: 0.3ms
[2023-11-29T15:59:47.709+0000][gc,phases   ] GC(1)   Merge Heap Roots: 0.1ms
[2023-11-29T15:59:47.709+0000][gc,phases   ] GC(1)   Evacuate Collection Set: 3.2ms
[2023-11-29T15:59:47.709+0000][gc,phases   ] GC(1)   Post Evacuate Collection Set: 0.4ms
[2023-11-29T15:59:47.709+0000][gc,phases   ] GC(1)   Other: 0.2ms
[2023-11-29T15:59:47.709+0000][gc,heap     ] GC(1) Eden regions: 13->0(50)
[2023-11-29T15:59:47.709+0000][gc,heap     ] GC(1) Survivor regions: 7->1(7)
[2023-11-29T15:59:47.709+0000][gc,heap     ] GC(1) Old regions: 3->10
[2023-11-29T15:59:47.709+0000][gc,heap     ] GC(1) Humongous regions: 0->0
[2023-11-29T15:59:47.709+0000][gc,metaspace] GC(1) Metaspace: 21290K(21504K)->21290K(21504K) NonClass: 18803K(18880K)->18803K(18880K) Class: 2486K(2624K)->2486K(2624K)
[2023-11-29T15:59:47.709+0000][gc          ] GC(1) Pause Young (Concurrent Start) (Metadata GC Threshold) 20M->9M(1024M) 4.496ms
[2023-11-29T15:59:47.709+0000][gc,cpu      ] GC(1) User=0.02s Sys=0.01s Real=0.00s
[2023-11-29T15:59:47.710+0000][gc          ] GC(2) Concurrent Mark Cycle
[2023-11-29T15:59:47.710+0000][gc,marking  ] GC(2) Concurrent Scan Root Regions
[2023-11-29T15:59:47.712+0000][gc,marking  ] GC(2) Concurrent Scan Root Regions 2.832ms
[2023-11-29T15:59:47.712+0000][gc,marking  ] GC(2) Concurrent Mark
[2023-11-29T15:59:47.712+0000][gc,marking  ] GC(2) Concurrent Mark From Roots
[2023-11-29T15:59:47.712+0000][gc,task     ] GC(2) Using 2 workers of 2 for marking
[2023-11-29T15:59:47.714+0000][gc,marking  ] GC(2) Concurrent Mark From Roots 1.977ms
[2023-11-29T15:59:47.714+0000][gc,marking  ] GC(2) Concurrent Preclean
[2023-11-29T15:59:47.714+0000][gc,marking  ] GC(2) Concurrent Preclean 0.012ms
[2023-11-29T15:59:47.715+0000][gc,start    ] GC(2) Pause Remark
[2023-11-29T15:59:47.716+0000][gc          ] GC(2) Pause Remark 10M->10M(1024M) 1.658ms
[2023-11-29T15:59:47.716+0000][gc,cpu      ] GC(2) User=0.01s Sys=0.00s Real=0.00s
[2023-11-29T15:59:47.716+0000][gc,marking  ] GC(2) Concurrent Mark 3.896ms
[2023-11-29T15:59:47.716+0000][gc,marking  ] GC(2) Concurrent Rebuild Remembered Sets and Scrub Regions
[2023-11-29T15:59:47.719+0000][gc,marking  ] GC(2) Concurrent Rebuild Remembered Sets and Scrub Regions 2.563ms
[2023-11-29T15:59:47.719+0000][gc,start    ] GC(2) Pause Cleanup
[2023-11-29T15:59:47.719+0000][gc          ] GC(2) Pause Cleanup 10M->10M(1024M) 0.227ms
[2023-11-29T15:59:47.719+0000][gc,cpu      ] GC(2) User=0.00s Sys=0.00s Real=0.00s
[2023-11-29T15:59:47.719+0000][gc,marking  ] GC(2) Concurrent Clear Claimed Marks
[2023-11-29T15:59:47.719+0000][gc,marking  ] GC(2) Concurrent Clear Claimed Marks 0.015ms
[2023-11-29T15:59:47.719+0000][gc,marking  ] GC(2) Concurrent Cleanup for Next Mark
[2023-11-29T15:59:47.722+0000][gc,marking  ] GC(2) Concurrent Cleanup for Next Mark 2.609ms
[2023-11-29T15:59:47.722+0000][gc          ] GC(2) Concurrent Mark Cycle 12.545ms
[2023-11-29T15:59:48.565+0000][gc,start    ] GC(3) Pause Young (Prepare Mixed) (G1 Evacuation Pause)
[2023-11-29T15:59:48.565+0000][gc,task     ] GC(3) Using 8 workers of 8 for evacuation
[2023-11-29T15:59:48.570+0000][gc,phases   ] GC(3)   Pre Evacuate Collection Set: 0.2ms
[2023-11-29T15:59:48.570+0000][gc,phases   ] GC(3)   Merge Heap Roots: 0.1ms
[2023-11-29T15:59:48.570+0000][gc,phases   ] GC(3)   Evacuate Collection Set: 3.3ms
[2023-11-29T15:59:48.570+0000][gc,phases   ] GC(3)   Post Evacuate Collection Set: 0.5ms
[2023-11-29T15:59:48.570+0000][gc,phases   ] GC(3)   Other: 0.1ms
[2023-11-29T15:59:48.570+0000][gc,heap     ] GC(3) Eden regions: 50->0(44)
[2023-11-29T15:59:48.570+0000][gc,heap     ] GC(3) Survivor regions: 1->7(7)
[2023-11-29T15:59:48.570+0000][gc,heap     ] GC(3) Old regions: 10->10
[2023-11-29T15:59:48.570+0000][gc,heap     ] GC(3) Humongous regions: 129->129
[2023-11-29T15:59:48.570+0000][gc,metaspace] GC(3) Metaspace: 33084K(33344K)->33084K(33344K) NonClass: 29500K(29632K)->29500K(29632K) Class: 3584K(3712K)->3584K(3712K)
[2023-11-29T15:59:48.570+0000][gc          ] GC(3) Pause Young (Prepare Mixed) (G1 Evacuation Pause) 188M->144M(1024M) 4.534ms
[2023-11-29T15:59:48.570+0000][gc,cpu      ] GC(3) User=0.02s Sys=0.00s Real=0.01s
[2023-11-29T16:00:17.725+0000][gc,start    ] GC(4) Pause Young (Mixed) (Metadata GC Threshold)
[2023-11-29T16:00:17.725+0000][gc,task     ] GC(4) Using 8 workers of 8 for evacuation
[2023-11-29T16:00:17.733+0000][gc,phases   ] GC(4)   Pre Evacuate Collection Set: 0.5ms
[2023-11-29T16:00:17.733+0000][gc,phases   ] GC(4)   Merge Heap Roots: 0.1ms
[2023-11-29T16:00:17.733+0000][gc,phases   ] GC(4)   Evacuate Collection Set: 6.9ms
[2023-11-29T16:00:17.733+0000][gc,phases   ] GC(4)   Post Evacuate Collection Set: 0.3ms
[2023-11-29T16:00:17.733+0000][gc,phases   ] GC(4)   Other: 0.1ms
[2023-11-29T16:00:17.733+0000][gc,heap     ] GC(4) Eden regions: 13->0(49)
[2023-11-29T16:00:17.733+0000][gc,heap     ] GC(4) Survivor regions: 7->2(7)
[2023-11-29T16:00:17.733+0000][gc,heap     ] GC(4) Old regions: 10->15
[2023-11-29T16:00:17.733+0000][gc,heap     ] GC(4) Humongous regions: 129->129
[2023-11-29T16:00:17.733+0000][gc,metaspace] GC(4) Metaspace: 35596K(35968K)->35596K(35968K) NonClass: 31640K(31808K)->31640K(31808K) Class: 3955K(4160K)->3955K(4160K)
[2023-11-29T16:00:17.733+0000][gc          ] GC(4) Pause Young (Mixed) (Metadata GC Threshold) 156M->145M(1024M) 8.336ms
[2023-11-29T16:00:17.733+0000][gc,cpu      ] GC(4) User=0.02s Sys=0.02s Real=0.01s
[2023-11-29T16:04:38.330+0000][gc,start    ] GC(5) Pause Young (Concurrent Start) (Metadata GC Threshold)
[2023-11-29T16:04:38.331+0000][gc,task     ] GC(5) Using 8 workers of 8 for evacuation
[2023-11-29T16:04:38.336+0000][gc,phases   ] GC(5)   Pre Evacuate Collection Set: 1.2ms
[2023-11-29T16:04:38.336+0000][gc,phases   ] GC(5)   Merge Heap Roots: 0.5ms
[2023-11-29T16:04:38.336+0000][gc,phases   ] GC(5)   Evacuate Collection Set: 2.8ms
[2023-11-29T16:04:38.336+0000][gc,phases   ] GC(5)   Post Evacuate Collection Set: 0.4ms
[2023-11-29T16:04:38.336+0000][gc,phases   ] GC(5)   Other: 0.2ms
[2023-11-29T16:04:38.336+0000][gc,heap     ] GC(5) Eden regions: 6->0(50)
[2023-11-29T16:04:38.336+0000][gc,heap     ] GC(5) Survivor regions: 2->1(7)
[2023-11-29T16:04:38.336+0000][gc,heap     ] GC(5) Old regions: 15->15
[2023-11-29T16:04:38.336+0000][gc,heap     ] GC(5) Humongous regions: 129->129
[2023-11-29T16:04:38.336+0000][gc,metaspace] GC(5) Metaspace: 35978K(36288K)->35978K(36288K) NonClass: 31965K(32128K)->31965K(32128K) Class: 4013K(4160K)->4013K(4160K)
[2023-11-29T16:04:38.336+0000][gc          ] GC(5) Pause Young (Concurrent Start) (Metadata GC Threshold) 150M->144M(1024M) 5.775ms
[2023-11-29T16:04:38.336+0000][gc,cpu      ] GC(5) User=0.01s Sys=0.01s Real=0.00s
[2023-11-29T16:04:38.336+0000][gc          ] GC(6) Concurrent Mark Cycle
[2023-11-29T16:04:38.336+0000][gc,marking  ] GC(6) Concurrent Scan Root Regions
[2023-11-29T16:04:38.338+0000][gc,marking  ] GC(6) Concurrent Scan Root Regions 1.548ms
[2023-11-29T16:04:38.338+0000][gc,marking  ] GC(6) Concurrent Mark
[2023-11-29T16:04:38.338+0000][gc,marking  ] GC(6) Concurrent Mark From Roots
[2023-11-29T16:04:38.338+0000][gc,task     ] GC(6) Using 2 workers of 2 for marking
[2023-11-29T16:04:38.357+0000][gc,marking  ] GC(6) Concurrent Mark From Roots 18.803ms
[2023-11-29T16:04:38.357+0000][gc,marking  ] GC(6) Concurrent Preclean
[2023-11-29T16:04:38.357+0000][gc,marking  ] GC(6) Concurrent Preclean 0.057ms
[2023-11-29T16:04:38.357+0000][gc,start    ] GC(6) Pause Remark
[2023-11-29T16:04:38.369+0000][gc          ] GC(6) Pause Remark 145M->145M(1024M) 11.963ms
[2023-11-29T16:04:38.369+0000][gc,cpu      ] GC(6) User=0.01s Sys=0.01s Real=0.01s
[2023-11-29T16:04:38.369+0000][gc,marking  ] GC(6) Concurrent Mark 31.199ms
[2023-11-29T16:04:38.369+0000][gc,marking  ] GC(6) Concurrent Rebuild Remembered Sets and Scrub Regions
[2023-11-29T16:04:38.377+0000][gc,marking  ] GC(6) Concurrent Rebuild Remembered Sets and Scrub Regions 8.069ms
[2023-11-29T16:04:38.377+0000][gc,start    ] GC(6) Pause Cleanup
[2023-11-29T16:04:38.378+0000][gc          ] GC(6) Pause Cleanup 146M->146M(1024M) 0.199ms
[2023-11-29T16:04:38.378+0000][gc,cpu      ] GC(6) User=0.00s Sys=0.00s Real=0.00s
[2023-11-29T16:04:38.378+0000][gc,marking  ] GC(6) Concurrent Clear Claimed Marks
[2023-11-29T16:04:38.378+0000][gc,marking  ] GC(6) Concurrent Clear Claimed Marks 0.031ms
[2023-11-29T16:04:38.378+0000][gc,marking  ] GC(6) Concurrent Cleanup for Next Mark
[2023-11-29T16:04:38.381+0000][gc,marking  ] GC(6) Concurrent Cleanup for Next Mark 3.400ms
[2023-11-29T16:04:38.381+0000][gc          ] GC(6) Concurrent Mark Cycle 44.854ms
[2023-11-29T16:17:03.261+0000][gc,start    ] GC(7) Pause Young (Prepare Mixed) (G1 Evacuation Pause)
[2023-11-29T16:17:03.264+0000][gc,task     ] GC(7) Using 8 workers of 8 for evacuation
[2023-11-29T16:17:03.314+0000][gc,mmu      ] GC(7) MMU target violated: 21.0ms (20.0ms/21.0ms)
[2023-11-29T16:17:03.314+0000][gc,phases   ] GC(7)   Pre Evacuate Collection Set: 2.5ms
[2023-11-29T16:17:03.314+0000][gc,phases   ] GC(7)   Merge Heap Roots: 0.2ms
[2023-11-29T16:17:03.314+0000][gc,phases   ] GC(7)   Evacuate Collection Set: 44.5ms
[2023-11-29T16:17:03.314+0000][gc,phases   ] GC(7)   Post Evacuate Collection Set: 2.4ms
[2023-11-29T16:17:03.315+0000][gc,phases   ] GC(7)   Other: 1.3ms
[2023-11-29T16:17:03.315+0000][gc,heap     ] GC(7) Eden regions: 50->0(46)
[2023-11-29T16:17:03.315+0000][gc,heap     ] GC(7) Survivor regions: 1->5(7)
[2023-11-29T16:17:03.315+0000][gc,heap     ] GC(7) Old regions: 15->15
[2023-11-29T16:17:03.315+0000][gc,heap     ] GC(7) Humongous regions: 129->129
[2023-11-29T16:17:03.315+0000][gc,metaspace] GC(7) Metaspace: 41489K(42112K)->41489K(42112K) NonClass: 36609K(36992K)->36609K(36992K) Class: 4880K(5120K)->4880K(5120K)
[2023-11-29T16:17:03.315+0000][gc          ] GC(7) Pause Young (Prepare Mixed) (G1 Evacuation Pause) 194M->148M(1024M) 54.643ms
[2023-11-29T16:17:03.315+0000][gc,cpu      ] GC(7) User=0.02s Sys=0.06s Real=0.05s
[2023-11-29T16:29:53.194+0000][gc,start    ] GC(8) Pause Young (Mixed) (G1 Evacuation Pause)
[2023-11-29T16:29:53.197+0000][gc,task     ] GC(8) Using 8 workers of 8 for evacuation
[2023-11-29T16:29:53.216+0000][gc,phases   ] GC(8)   Pre Evacuate Collection Set: 3.7ms
[2023-11-29T16:29:53.216+0000][gc,phases   ] GC(8)   Merge Heap Roots: 0.7ms
[2023-11-29T16:29:53.216+0000][gc,phases   ] GC(8)   Evacuate Collection Set: 14.1ms
[2023-11-29T16:29:53.216+0000][gc,phases   ] GC(8)   Post Evacuate Collection Set: 0.6ms
[2023-11-29T16:29:53.216+0000][gc,phases   ] GC(8)   Other: 1.0ms
[2023-11-29T16:29:53.217+0000][gc,heap     ] GC(8) Eden regions: 46->0(45)
[2023-11-29T16:29:53.217+0000][gc,heap     ] GC(8) Survivor regions: 5->6(7)
[2023-11-29T16:29:53.217+0000][gc,heap     ] GC(8) Old regions: 15->16
[2023-11-29T16:29:53.217+0000][gc,heap     ] GC(8) Humongous regions: 129->129
[2023-11-29T16:29:53.217+0000][gc,metaspace] GC(8) Metaspace: 42285K(42880K)->42285K(42880K) NonClass: 37339K(37696K)->37339K(37696K) Class: 4945K(5184K)->4945K(5184K)
[2023-11-29T16:29:53.217+0000][gc          ] GC(8) Pause Young (Mixed) (G1 Evacuation Pause) 194M->149M(1024M) 22.704ms
[2023-11-29T16:29:53.217+0000][gc,cpu      ] GC(8) User=0.03s Sys=0.02s Real=0.02s
[2023-11-29T16:43:13.729+0000][gc,start    ] GC(9) Pause Young (Normal) (G1 Evacuation Pause)
[2023-11-29T16:43:13.733+0000][gc,task     ] GC(9) Using 8 workers of 8 for evacuation
[2023-11-29T16:43:13.757+0000][gc,mmu      ] GC(9) MMU target violated: 21.0ms (20.0ms/21.0ms)
[2023-11-29T16:43:13.757+0000][gc,phases   ] GC(9)   Pre Evacuate Collection Set: 2.3ms
[2023-11-29T16:43:13.757+0000][gc,phases   ] GC(9)   Merge Heap Roots: 0.9ms
[2023-11-29T16:43:13.757+0000][gc,phases   ] GC(9)   Evacuate Collection Set: 19.8ms
[2023-11-29T16:43:13.757+0000][gc,phases   ] GC(9)   Post Evacuate Collection Set: 0.9ms
[2023-11-29T16:43:13.758+0000][gc,phases   ] GC(9)   Other: 2.0ms
[2023-11-29T16:43:13.758+0000][gc,heap     ] GC(9) Eden regions: 45->0(48)
[2023-11-29T16:43:13.758+0000][gc,heap     ] GC(9) Survivor regions: 6->3(7)
[2023-11-29T16:43:13.758+0000][gc,heap     ] GC(9) Old regions: 16->19
[2023-11-29T16:43:13.758+0000][gc,heap     ] GC(9) Humongous regions: 129->129
[2023-11-29T16:43:13.758+0000][gc,metaspace] GC(9) Metaspace: 42610K(43264K)->42610K(43264K) NonClass: 37609K(38016K)->37609K(38016K) Class: 5000K(5248K)->5000K(5248K)
[2023-11-29T16:43:13.758+0000][gc          ] GC(9) Pause Young (Normal) (G1 Evacuation Pause) 194M->150M(1024M) 29.598ms
[2023-11-29T16:43:13.758+0000][gc,cpu      ] GC(9) User=0.02s Sys=0.03s Real=0.03s
[2023-11-29T16:53:27.678+0000][gc,start    ] GC(10) Pause Young (Normal) (G1 Evacuation Pause)
[2023-11-29T16:53:27.680+0000][gc,task     ] GC(10) Using 8 workers of 8 for evacuation
[2023-11-29T16:53:27.713+0000][gc,mmu      ] GC(10) MMU target violated: 21.0ms (20.0ms/21.0ms)
[2023-11-29T16:53:27.713+0000][gc,phases   ] GC(10)   Pre Evacuate Collection Set: 2.4ms
[2023-11-29T16:53:27.713+0000][gc,phases   ] GC(10)   Merge Heap Roots: 0.3ms
[2023-11-29T16:53:27.713+0000][gc,phases   ] GC(10)   Evacuate Collection Set: 28.8ms
[2023-11-29T16:53:27.713+0000][gc,phases   ] GC(10)   Post Evacuate Collection Set: 1.0ms
[2023-11-29T16:53:27.714+0000][gc,phases   ] GC(10)   Other: 1.0ms
[2023-11-29T16:53:27.714+0000][gc,heap     ] GC(10) Eden regions: 48->0(47)
[2023-11-29T16:53:27.714+0000][gc,heap     ] GC(10) Survivor regions: 3->4(7)
[2023-11-29T16:53:27.714+0000][gc,heap     ] GC(10) Old regions: 19->19
[2023-11-29T16:53:27.714+0000][gc,heap     ] GC(10) Humongous regions: 129->129
[2023-11-29T16:53:27.714+0000][gc,metaspace] GC(10) Metaspace: 43486K(44160K)->43486K(44160K) NonClass: 38302K(38720K)->38302K(38720K) Class: 5183K(5440K)->5183K(5440K)
[2023-11-29T16:53:27.714+0000][gc          ] GC(10) Pause Young (Normal) (G1 Evacuation Pause) 198M->150M(1024M) 36.284ms
[2023-11-29T16:53:27.714+0000][gc,cpu      ] GC(10) User=0.01s Sys=0.03s Real=0.04s
[2023-11-29T17:08:28.714+0000][gc,start    ] GC(11) Pause Young (Normal) (G1 Evacuation Pause)
[2023-11-29T17:08:28.718+0000][gc,task     ] GC(11) Using 8 workers of 8 for evacuation
[2023-11-29T17:08:28.750+0000][gc,mmu      ] GC(11) MMU target violated: 21.0ms (20.0ms/21.0ms)
[2023-11-29T17:08:28.750+0000][gc,phases   ] GC(11)   Pre Evacuate Collection Set: 3.6ms
[2023-11-29T17:08:28.750+0000][gc,phases   ] GC(11)   Merge Heap Roots: 0.3ms
[2023-11-29T17:08:28.750+0000][gc,phases   ] GC(11)   Evacuate Collection Set: 25.3ms
[2023-11-29T17:08:28.750+0000][gc,phases   ] GC(11)   Post Evacuate Collection Set: 2.2ms
[2023-11-29T17:08:28.750+0000][gc,phases   ] GC(11)   Other: 1.7ms
[2023-11-29T17:08:28.750+0000][gc,heap     ] GC(11) Eden regions: 47->0(47)
[2023-11-29T17:08:28.750+0000][gc,heap     ] GC(11) Survivor regions: 4->4(7)
[2023-11-29T17:08:28.750+0000][gc,heap     ] GC(11) Old regions: 19->19
[2023-11-29T17:08:28.750+0000][gc,heap     ] GC(11) Humongous regions: 129->129
[2023-11-29T17:08:28.750+0000][gc,metaspace] GC(11) Metaspace: 43565K(44224K)->43565K(44224K) NonClass: 38378K(38784K)->38378K(38784K) Class: 5186K(5440K)->5186K(5440K)
[2023-11-29T17:08:28.751+0000][gc          ] GC(11) Pause Young (Normal) (G1 Evacuation Pause) 197M->150M(1024M) 36.978ms
[2023-11-29T17:08:28.751+0000][gc,cpu      ] GC(11) User=0.01s Sys=0.03s Real=0.04s
[2023-11-29T17:23:22.167+0000][gc,start    ] GC(12) Pause Young (Normal) (G1 Evacuation Pause)
[2023-11-29T17:23:22.170+0000][gc,task     ] GC(12) Using 8 workers of 8 for evacuation
[2023-11-29T17:23:22.206+0000][gc,mmu      ] GC(12) MMU target violated: 21.0ms (20.0ms/21.0ms)
[2023-11-29T17:23:22.206+0000][gc,phases   ] GC(12)   Pre Evacuate Collection Set: 3.7ms
[2023-11-29T17:23:22.206+0000][gc,phases   ] GC(12)   Merge Heap Roots: 1.1ms
[2023-11-29T17:23:22.206+0000][gc,phases   ] GC(12)   Evacuate Collection Set: 28.5ms
[2023-11-29T17:23:22.206+0000][gc,phases   ] GC(12)   Post Evacuate Collection Set: 2.6ms
[2023-11-29T17:23:22.206+0000][gc,phases   ] GC(12)   Other: 1.3ms
[2023-11-29T17:23:22.206+0000][gc,heap     ] GC(12) Eden regions: 47->0(47)
[2023-11-29T17:23:22.206+0000][gc,heap     ] GC(12) Survivor regions: 4->4(7)
[2023-11-29T17:23:22.206+0000][gc,heap     ] GC(12) Old regions: 19->19
[2023-11-29T17:23:22.206+0000][gc,heap     ] GC(12) Humongous regions: 129->129
[2023-11-29T17:23:22.206+0000][gc,metaspace] GC(12) Metaspace: 43591K(44224K)->43591K(44224K) NonClass: 38404K(38784K)->38404K(38784K) Class: 5186K(5440K)->5186K(5440K)
[2023-11-29T17:23:22.207+0000][gc          ] GC(12) Pause Young (Normal) (G1 Evacuation Pause) 197M->150M(1024M) 40.262ms
[2023-11-29T17:23:22.207+0000][gc,cpu      ] GC(12) User=0.02s Sys=0.03s Real=0.04s
[2023-11-29T17:35:05.686+0000][gc,start    ] GC(13) Pause Young (Normal) (G1 Evacuation Pause)
[2023-11-29T17:35:05.689+0000][gc,task     ] GC(13) Using 8 workers of 8 for evacuation
[2023-11-29T17:35:05.710+0000][gc,mmu      ] GC(13) MMU target violated: 20.8ms (20.0ms/21.0ms)
[2023-11-29T17:35:05.710+0000][gc,phases   ] GC(13)   Pre Evacuate Collection Set: 2.0ms
[2023-11-29T17:35:05.710+0000][gc,phases   ] GC(13)   Merge Heap Roots: 0.4ms
[2023-11-29T17:35:05.710+0000][gc,phases   ] GC(13)   Evacuate Collection Set: 17.0ms
[2023-11-29T17:35:05.710+0000][gc,phases   ] GC(13)   Post Evacuate Collection Set: 1.1ms
[2023-11-29T17:35:05.710+0000][gc,phases   ] GC(13)   Other: 1.2ms
[2023-11-29T17:35:05.710+0000][gc,heap     ] GC(13) Eden regions: 47->0(46)
[2023-11-29T17:35:05.710+0000][gc,heap     ] GC(13) Survivor regions: 4->5(7)
[2023-11-29T17:35:05.710+0000][gc,heap     ] GC(13) Old regions: 19->19
[2023-11-29T17:35:05.710+0000][gc,heap     ] GC(13) Humongous regions: 129->129
[2023-11-29T17:35:05.710+0000][gc,metaspace] GC(13) Metaspace: 43611K(44224K)->43611K(44224K) NonClass: 38423K(38784K)->38423K(38784K) Class: 5188K(5440K)->5188K(5440K)
[2023-11-29T17:35:05.710+0000][gc          ] GC(13) Pause Young (Normal) (G1 Evacuation Pause) 197M->151M(1024M) 24.780ms
[2023-11-29T17:35:05.710+0000][gc,cpu      ] GC(13) User=0.01s Sys=0.02s Real=0.03s
[2023-11-29T17:45:54.979+0000][gc,start    ] GC(14) Pause Young (Normal) (G1 Evacuation Pause)
[2023-11-29T17:45:54.981+0000][gc,task     ] GC(14) Using 8 workers of 8 for evacuation
[2023-11-29T17:45:55.000+0000][gc,phases   ] GC(14)   Pre Evacuate Collection Set: 2.8ms
[2023-11-29T17:45:55.000+0000][gc,phases   ] GC(14)   Merge Heap Roots: 0.2ms
[2023-11-29T17:45:55.000+0000][gc,phases   ] GC(14)   Evacuate Collection Set: 13.5ms
[2023-11-29T17:45:55.000+0000][gc,phases   ] GC(14)   Post Evacuate Collection Set: 0.8ms
[2023-11-29T17:45:55.000+0000][gc,phases   ] GC(14)   Other: 1.9ms
[2023-11-29T17:45:55.000+0000][gc,heap     ] GC(14) Eden regions: 46->0(46)
[2023-11-29T17:45:55.000+0000][gc,heap     ] GC(14) Survivor regions: 5->5(7)
[2023-11-29T17:45:55.000+0000][gc,heap     ] GC(14) Old regions: 19->19
[2023-11-29T17:45:55.000+0000][gc,heap     ] GC(14) Humongous regions: 129->129
[2023-11-29T17:45:55.000+0000][gc,metaspace] GC(14) Metaspace: 43679K(44352K)->43679K(44352K) NonClass: 38488K(38912K)->38488K(38912K) Class: 5191K(5440K)->5191K(5440K)
[2023-11-29T17:45:55.000+0000][gc          ] GC(14) Pause Young (Normal) (G1 Evacuation Pause) 197M->151M(1024M) 22.980ms
[2023-11-29T17:45:55.000+0000][gc,cpu      ] GC(14) User=0.02s Sys=0.02s Real=0.03s
[2023-11-29T17:56:03.759+0000][gc,start    ] GC(15) Pause Young (Normal) (G1 Evacuation Pause)
[2023-11-29T17:56:03.763+0000][gc,task     ] GC(15) Using 8 workers of 8 for evacuation
[2023-11-29T17:56:03.796+0000][gc,mmu      ] GC(15) MMU target violated: 21.0ms (20.0ms/21.0ms)
[2023-11-29T17:56:03.796+0000][gc,phases   ] GC(15)   Pre Evacuate Collection Set: 2.7ms
[2023-11-29T17:56:03.796+0000][gc,phases   ] GC(15)   Merge Heap Roots: 0.6ms
[2023-11-29T17:56:03.796+0000][gc,phases   ] GC(15)   Evacuate Collection Set: 27.5ms
[2023-11-29T17:56:03.796+0000][gc,phases   ] GC(15)   Post Evacuate Collection Set: 1.8ms
[2023-11-29T17:56:03.796+0000][gc,phases   ] GC(15)   Other: 2.1ms
[2023-11-29T17:56:03.796+0000][gc,heap     ] GC(15) Eden regions: 46->0(48)
[2023-11-29T17:56:03.796+0000][gc,heap     ] GC(15) Survivor regions: 5->3(7)
[2023-11-29T17:56:03.796+0000][gc,heap     ] GC(15) Old regions: 19->20
[2023-11-29T17:56:03.796+0000][gc,heap     ] GC(15) Humongous regions: 129->129
[2023-11-29T17:56:03.796+0000][gc,metaspace] GC(15) Metaspace: 43685K(44352K)->43685K(44352K) NonClass: 38494K(38912K)->38494K(38912K) Class: 5191K(5440K)->5191K(5440K)
[2023-11-29T17:56:03.797+0000][gc          ] GC(15) Pause Young (Normal) (G1 Evacuation Pause) 197M->151M(1024M) 38.751ms
[2023-11-29T17:56:03.797+0000][gc,cpu      ] GC(15) User=0.02s Sys=0.04s Real=0.04s
[2023-11-29T18:05:59.421+0000][gc,start    ] GC(16) Pause Young (Normal) (G1 Evacuation Pause)
[2023-11-29T18:05:59.423+0000][gc,task     ] GC(16) Using 8 workers of 8 for evacuation
[2023-11-29T18:05:59.441+0000][gc,phases   ] GC(16)   Pre Evacuate Collection Set: 1.4ms
[2023-11-29T18:05:59.441+0000][gc,phases   ] GC(16)   Merge Heap Roots: 0.3ms
[2023-11-29T18:05:59.441+0000][gc,phases   ] GC(16)   Evacuate Collection Set: 14.1ms
[2023-11-29T18:05:59.441+0000][gc,phases   ] GC(16)   Post Evacuate Collection Set: 1.0ms
[2023-11-29T18:05:59.441+0000][gc,phases   ] GC(16)   Other: 1.1ms
[2023-11-29T18:05:59.441+0000][gc,heap     ] GC(16) Eden regions: 48->0(47)
[2023-11-29T18:05:59.441+0000][gc,heap     ] GC(16) Survivor regions: 3->4(7)
[2023-11-29T18:05:59.441+0000][gc,heap     ] GC(16) Old regions: 20->20
[2023-11-29T18:05:59.441+0000][gc,heap     ] GC(16) Humongous regions: 129->129
[2023-11-29T18:05:59.441+0000][gc,metaspace] GC(16) Metaspace: 43688K(44352K)->43688K(44352K) NonClass: 38497K(38912K)->38497K(38912K) Class: 5191K(5440K)->5191K(5440K)
[2023-11-29T18:05:59.441+0000][gc          ] GC(16) Pause Young (Normal) (G1 Evacuation Pause) 199M->151M(1024M) 20.824ms
[2023-11-29T18:05:59.441+0000][gc,cpu      ] GC(16) User=0.02s Sys=0.02s Real=0.02s
[2023-11-29T18:16:37.494+0000][gc,start    ] GC(17) Pause Young (Normal) (G1 Evacuation Pause)
[2023-11-29T18:16:37.497+0000][gc,task     ] GC(17) Using 8 workers of 8 for evacuation
[2023-11-29T18:16:37.513+0000][gc,phases   ] GC(17)   Pre Evacuate Collection Set: 2.4ms
[2023-11-29T18:16:37.513+0000][gc,phases   ] GC(17)   Merge Heap Roots: 0.9ms
[2023-11-29T18:16:37.513+0000][gc,phases   ] GC(17)   Evacuate Collection Set: 10.5ms
[2023-11-29T18:16:37.513+0000][gc,phases   ] GC(17)   Post Evacuate Collection Set: 1.3ms
[2023-11-29T18:16:37.513+0000][gc,phases   ] GC(17)   Other: 1.5ms
[2023-11-29T18:16:37.513+0000][gc,heap     ] GC(17) Eden regions: 47->0(46)
[2023-11-29T18:16:37.513+0000][gc,heap     ] GC(17) Survivor regions: 4->5(7)
[2023-11-29T18:16:37.513+0000][gc,heap     ] GC(17) Old regions: 20->20
[2023-11-29T18:16:37.513+0000][gc,heap     ] GC(17) Humongous regions: 129->129
[2023-11-29T18:16:37.513+0000][gc,metaspace] GC(17) Metaspace: 43717K(44352K)->43717K(44352K) NonClass: 38526K(38912K)->38526K(38912K) Class: 5191K(5440K)->5191K(5440K)
[2023-11-29T18:16:37.513+0000][gc          ] GC(17) Pause Young (Normal) (G1 Evacuation Pause) 198M->152M(1024M) 20.106ms
[2023-11-29T18:16:37.513+0000][gc,cpu      ] GC(17) User=0.01s Sys=0.03s Real=0.02s
[2023-11-29T18:28:13.565+0000][gc,start    ] GC(18) Pause Young (Normal) (G1 Evacuation Pause)
[2023-11-29T18:28:13.567+0000][gc,task     ] GC(18) Using 8 workers of 8 for evacuation
[2023-11-29T18:28:13.583+0000][gc,phases   ] GC(18)   Pre Evacuate Collection Set: 1.9ms
[2023-11-29T18:28:13.583+0000][gc,phases   ] GC(18)   Merge Heap Roots: 0.2ms
[2023-11-29T18:28:13.583+0000][gc,phases   ] GC(18)   Evacuate Collection Set: 12.1ms
[2023-11-29T18:28:13.583+0000][gc,phases   ] GC(18)   Post Evacuate Collection Set: 1.0ms
[2023-11-29T18:28:13.583+0000][gc,phases   ] GC(18)   Other: 0.8ms
[2023-11-29T18:28:13.583+0000][gc,heap     ] GC(18) Eden regions: 46->0(48)
[2023-11-29T18:28:13.583+0000][gc,heap     ] GC(18) Survivor regions: 5->3(7)
[2023-11-29T18:28:13.583+0000][gc,heap     ] GC(18) Old regions: 20->20
[2023-11-29T18:28:13.583+0000][gc,heap     ] GC(18) Humongous regions: 129->129
[2023-11-29T18:28:13.583+0000][gc,metaspace] GC(18) Metaspace: 43730K(44352K)->43730K(44352K) NonClass: 38539K(38912K)->38539K(38912K) Class: 5191K(5440K)->5191K(5440K)
[2023-11-29T18:28:13.584+0000][gc          ] GC(18) Pause Young (Normal) (G1 Evacuation Pause) 198M->151M(1024M) 18.880ms
[2023-11-29T18:28:13.584+0000][gc,cpu      ] GC(18) User=0.01s Sys=0.02s Real=0.02s
[2023-11-29T18:39:21.564+0000][gc,start    ] GC(19) Pause Young (Normal) (G1 Evacuation Pause)
[2023-11-29T18:39:21.567+0000][gc,task     ] GC(19) Using 8 workers of 8 for evacuation
[2023-11-29T18:39:21.615+0000][gc,mmu      ] GC(19) MMU target violated: 21.0ms (20.0ms/21.0ms)
[2023-11-29T18:39:21.616+0000][gc,phases   ] GC(19)   Pre Evacuate Collection Set: 1.6ms
[2023-11-29T18:39:21.616+0000][gc,phases   ] GC(19)   Merge Heap Roots: 3.5ms
[2023-11-29T18:39:21.616+0000][gc,phases   ] GC(19)   Evacuate Collection Set: 37.3ms
[2023-11-29T18:39:21.616+0000][gc,phases   ] GC(19)   Post Evacuate Collection Set: 2.2ms
[2023-11-29T18:39:21.616+0000][gc,phases   ] GC(19)   Other: 4.9ms
[2023-11-29T18:39:21.616+0000][gc,heap     ] GC(19) Eden regions: 48->0(47)
[2023-11-29T18:39:21.616+0000][gc,heap     ] GC(19) Survivor regions: 3->4(7)
[2023-11-29T18:39:21.616+0000][gc,heap     ] GC(19) Old regions: 20->20
[2023-11-29T18:39:21.616+0000][gc,heap     ] GC(19) Humongous regions: 129->129
[2023-11-29T18:39:21.616+0000][gc,metaspace] GC(19) Metaspace: 43754K(44416K)->43754K(44416K) NonClass: 38562K(38976K)->38562K(38976K) Class: 5191K(5440K)->5191K(5440K)
[2023-11-29T18:39:21.617+0000][gc          ] GC(19) Pause Young (Normal) (G1 Evacuation Pause) 199M->151M(1024M) 52.918ms
[2023-11-29T18:39:21.617+0000][gc,cpu      ] GC(19) User=0.02s Sys=0.04s Real=0.05s
[2023-11-29T18:49:40.200+0000][gc,start    ] GC(20) Pause Young (Normal) (G1 Evacuation Pause)
[2023-11-29T18:49:40.206+0000][gc,task     ] GC(20) Using 8 workers of 8 for evacuation
[2023-11-29T18:49:40.220+0000][gc,phases   ] GC(20)   Pre Evacuate Collection Set: 3.0ms
[2023-11-29T18:49:40.220+0000][gc,phases   ] GC(20)   Merge Heap Roots: 1.0ms
[2023-11-29T18:49:40.220+0000][gc,phases   ] GC(20)   Evacuate Collection Set: 9.1ms
[2023-11-29T18:49:40.221+0000][gc,phases   ] GC(20)   Post Evacuate Collection Set: 0.6ms
[2023-11-29T18:49:40.221+0000][gc,phases   ] GC(20)   Other: 2.1ms
[2023-11-29T18:49:40.221+0000][gc,heap     ] GC(20) Eden regions: 47->0(48)
[2023-11-29T18:49:40.221+0000][gc,heap     ] GC(20) Survivor regions: 4->3(7)
[2023-11-29T18:49:40.221+0000][gc,heap     ] GC(20) Old regions: 20->20
[2023-11-29T18:49:40.221+0000][gc,heap     ] GC(20) Humongous regions: 129->129
[2023-11-29T18:49:40.221+0000][gc,metaspace] GC(20) Metaspace: 43756K(44416K)->43756K(44416K) NonClass: 38564K(38976K)->38564K(38976K) Class: 5191K(5440K)->5191K(5440K)
[2023-11-29T18:49:40.221+0000][gc          ] GC(20) Pause Young (Normal) (G1 Evacuation Pause) 198M->151M(1024M) 22.454ms
[2023-11-29T18:49:40.221+0000][gc,cpu      ] GC(20) User=0.02s Sys=0.03s Real=0.03s
