[2024-04-08T13:32:57.917+0100][gc,init] CardTable entry size: 512
[2024-04-08T13:32:57.917+0100][gc     ] Using G1
[2024-04-08T13:32:57.918+0100][gc,init] Version: 21+35-LTS-2513 (release)
[2024-04-08T13:32:57.918+0100][gc,init] CPUs: 8 total, 8 available
[2024-04-08T13:32:57.918+0100][gc,init] Memory: 8192M
[2024-04-08T13:32:57.918+0100][gc,init] Large Page Support: Disabled
[2024-04-08T13:32:57.918+0100][gc,init] NUMA Support: Disabled
[2024-04-08T13:32:57.918+0100][gc,init] Compressed Oops: Enabled (Zero based)
[2024-04-08T13:32:57.918+0100][gc,init] Heap Region Size: 1M
[2024-04-08T13:32:57.918+0100][gc,init] Heap Min Capacity: 512M
[2024-04-08T13:32:57.918+0100][gc,init] Heap Initial Capacity: 512M
[2024-04-08T13:32:57.918+0100][gc,init] Heap Max Capacity: 512M
[2024-04-08T13:32:57.918+0100][gc,init] Pre-touch: Disabled
[2024-04-08T13:32:57.918+0100][gc,init] Parallel Workers: 8
[2024-04-08T13:32:57.918+0100][gc,init] Concurrent Workers: 2
[2024-04-08T13:32:57.918+0100][gc,init] Concurrent Refinement Workers: 8
[2024-04-08T13:32:57.918+0100][gc,init] Periodic GC: Disabled
[2024-04-08T13:32:57.924+0100][gc,metaspace] CDS archive(s) mapped at: [0x000000f800000000-0x000000f800ca4000-0x000000f800ca4000), size 13254656, SharedBaseAddress: 0x000000f800000000, ArchiveRelocationMode: 1.
[2024-04-08T13:32:57.924+0100][gc,metaspace] Compressed class space mapped at: 0x000000f801000000-0x000000f841000000, reserved size: 1073741824
[2024-04-08T13:32:57.924+0100][gc,metaspace] Narrow klass base: 0x000000f800000000, Narrow klass shift: 0, Narrow klass range: 0x100000000
[2024-04-08T13:32:58.466+0100][gc,start    ] GC(0) Pause Young (Normal) (G1 Evacuation Pause)
[2024-04-08T13:32:58.466+0100][gc,task     ] GC(0) Using 8 workers of 8 for evacuation
[2024-04-08T13:32:58.470+0100][gc,phases   ] GC(0)   Pre Evacuate Collection Set: 0.1ms
[2024-04-08T13:32:58.470+0100][gc,phases   ] GC(0)   Merge Heap Roots: 0.2ms
[2024-04-08T13:32:58.470+0100][gc,phases   ] GC(0)   Evacuate Collection Set: 2.5ms
[2024-04-08T13:32:58.470+0100][gc,phases   ] GC(0)   Post Evacuate Collection Set: 0.3ms
[2024-04-08T13:32:58.470+0100][gc,phases   ] GC(0)   Other: 0.2ms
[2024-04-08T13:32:58.470+0100][gc,heap     ] GC(0) Eden regions: 25->0(21)
[2024-04-08T13:32:58.470+0100][gc,heap     ] GC(0) Survivor regions: 0->4(4)
[2024-04-08T13:32:58.470+0100][gc,heap     ] GC(0) Old regions: 2->6
[2024-04-08T13:32:58.470+0100][gc,heap     ] GC(0) Humongous regions: 0->0
[2024-04-08T13:32:58.470+0100][gc,metaspace] GC(0) Metaspace: 8391K(8576K)->8391K(8576K) NonClass: 7496K(7552K)->7496K(7552K) Class: 894K(1024K)->894K(1024K)
[2024-04-08T13:32:58.470+0100][gc          ] GC(0) Pause Young (Normal) (G1 Evacuation Pause) 26M->8M(512M) 3.800ms
[2024-04-08T13:32:58.470+0100][gc,cpu      ] GC(0) User=0.01s Sys=0.01s Real=0.01s
[2024-04-08T20:50:11.818+0100][gc,start    ] GC(1) Pause Young (Normal) (G1 Evacuation Pause)
[2024-04-08T20:50:11.823+0100][gc,task     ] GC(1) Using 8 workers of 8 for evacuation
[2024-04-08T20:50:11.886+0100][gc,mmu      ] GC(1) MMU target violated: 21.0ms (20.0ms/21.0ms)
[2024-04-08T20:50:11.886+0100][gc,phases   ] GC(1)   Pre Evacuate Collection Set: 5.3ms
[2024-04-08T20:50:11.886+0100][gc,phases   ] GC(1)   Merge Heap Roots: 0.4ms
[2024-04-08T20:50:11.886+0100][gc,phases   ] GC(1)   Evacuate Collection Set: 52.7ms
[2024-04-08T20:50:11.886+0100][gc,phases   ] GC(1)   Post Evacuate Collection Set: 1.8ms
[2024-04-08T20:50:11.887+0100][gc,phases   ] GC(1)   Other: 4.3ms
[2024-04-08T20:50:11.887+0100][gc,heap     ] GC(1) Eden regions: 21->0(24)
[2024-04-08T20:50:11.887+0100][gc,heap     ] GC(1) Survivor regions: 4->1(4)
[2024-04-08T20:50:11.887+0100][gc,heap     ] GC(1) Old regions: 6->10
[2024-04-08T20:50:11.887+0100][gc,heap     ] GC(1) Humongous regions: 0->0
[2024-04-08T20:50:11.887+0100][gc,metaspace] GC(1) Metaspace: 9483K(9664K)->9483K(9664K) NonClass: 8505K(8576K)->8505K(8576K) Class: 978K(1088K)->978K(1088K)
[2024-04-08T20:50:11.888+0100][gc          ] GC(1) Pause Young (Normal) (G1 Evacuation Pause) 29M->9M(512M) 70.603ms
[2024-04-08T20:50:11.888+0100][gc,cpu      ] GC(1) User=0.02s Sys=0.05s Real=0.07s
