[2024-02-25T22:05:21.043+0000][gc,init] CardTable entry size: 512
[2024-02-25T22:05:21.043+0000][gc     ] Using G1
[2024-02-25T22:05:21.044+0000][gc,init] Version: 21+35-LTS-2513 (release)
[2024-02-25T22:05:21.044+0000][gc,init] CPUs: 8 total, 8 available
[2024-02-25T22:05:21.044+0000][gc,init] Memory: 8192M
[2024-02-25T22:05:21.044+0000][gc,init] Large Page Support: Disabled
[2024-02-25T22:05:21.044+0000][gc,init] NUMA Support: Disabled
[2024-02-25T22:05:21.044+0000][gc,init] Compressed Oops: Enabled (Zero based)
[2024-02-25T22:05:21.044+0000][gc,init] Heap Region Size: 1M
[2024-02-25T22:05:21.044+0000][gc,init] Heap Min Capacity: 512M
[2024-02-25T22:05:21.044+0000][gc,init] Heap Initial Capacity: 512M
[2024-02-25T22:05:21.044+0000][gc,init] Heap Max Capacity: 512M
[2024-02-25T22:05:21.044+0000][gc,init] Pre-touch: Disabled
[2024-02-25T22:05:21.044+0000][gc,init] Parallel Workers: 8
[2024-02-25T22:05:21.044+0000][gc,init] Concurrent Workers: 2
[2024-02-25T22:05:21.044+0000][gc,init] Concurrent Refinement Workers: 8
[2024-02-25T22:05:21.045+0000][gc,init] Periodic GC: Disabled
[2024-02-25T22:05:21.050+0000][gc,metaspace] CDS archive(s) mapped at: [0x0000007000000000-0x0000007000ca4000-0x0000007000ca4000), size 13254656, SharedBaseAddress: 0x0000007000000000, ArchiveRelocationMode: 1.
[2024-02-25T22:05:21.050+0000][gc,metaspace] Compressed class space mapped at: 0x0000007001000000-0x0000007041000000, reserved size: 1073741824
[2024-02-25T22:05:21.050+0000][gc,metaspace] Narrow klass base: 0x0000007000000000, Narrow klass shift: 0, Narrow klass range: 0x100000000
[2024-02-25T22:05:22.084+0000][gc,start    ] GC(0) Pause Young (Normal) (G1 Evacuation Pause)
[2024-02-25T22:05:22.094+0000][gc,task     ] GC(0) Using 8 workers of 8 for evacuation
[2024-02-25T22:05:22.099+0000][gc,phases   ] GC(0)   Pre Evacuate Collection Set: 0.3ms
[2024-02-25T22:05:22.099+0000][gc,phases   ] GC(0)   Merge Heap Roots: 0.1ms
[2024-02-25T22:05:22.099+0000][gc,phases   ] GC(0)   Evacuate Collection Set: 3.0ms
[2024-02-25T22:05:22.099+0000][gc,phases   ] GC(0)   Post Evacuate Collection Set: 0.4ms
[2024-02-25T22:05:22.099+0000][gc,phases   ] GC(0)   Other: 1.5ms
[2024-02-25T22:05:22.099+0000][gc,heap     ] GC(0) Eden regions: 25->0(21)
[2024-02-25T22:05:22.099+0000][gc,heap     ] GC(0) Survivor regions: 0->4(4)
[2024-02-25T22:05:22.099+0000][gc,heap     ] GC(0) Old regions: 2->6
[2024-02-25T22:05:22.099+0000][gc,heap     ] GC(0) Humongous regions: 0->0
[2024-02-25T22:05:22.099+0000][gc,metaspace] GC(0) Metaspace: 8194K(8448K)->8194K(8448K) NonClass: 7320K(7424K)->7320K(7424K) Class: 874K(1024K)->874K(1024K)
[2024-02-25T22:05:22.099+0000][gc          ] GC(0) Pause Young (Normal) (G1 Evacuation Pause) 26M->8M(512M) 14.898ms
[2024-02-25T22:05:22.099+0000][gc,cpu      ] GC(0) User=0.01s Sys=0.01s Real=0.01s
