[2024-04-08T13:20:20.093+0100][gc,init] CardTable entry size: 512
[2024-04-08T13:20:20.093+0100][gc     ] Using G1
[2024-04-08T13:20:20.094+0100][gc,init] Version: 21+35-LTS-2513 (release)
[2024-04-08T13:20:20.094+0100][gc,init] CPUs: 8 total, 8 available
[2024-04-08T13:20:20.094+0100][gc,init] Memory: 8192M
[2024-04-08T13:20:20.094+0100][gc,init] Large Page Support: Disabled
[2024-04-08T13:20:20.094+0100][gc,init] NUMA Support: Disabled
[2024-04-08T13:20:20.094+0100][gc,init] Compressed Oops: Enabled (Zero based)
[2024-04-08T13:20:20.094+0100][gc,init] Heap Region Size: 1M
[2024-04-08T13:20:20.094+0100][gc,init] Heap Min Capacity: 512M
[2024-04-08T13:20:20.094+0100][gc,init] Heap Initial Capacity: 512M
[2024-04-08T13:20:20.094+0100][gc,init] Heap Max Capacity: 512M
[2024-04-08T13:20:20.094+0100][gc,init] Pre-touch: Disabled
[2024-04-08T13:20:20.094+0100][gc,init] Parallel Workers: 8
[2024-04-08T13:20:20.094+0100][gc,init] Concurrent Workers: 2
[2024-04-08T13:20:20.094+0100][gc,init] Concurrent Refinement Workers: 8
[2024-04-08T13:20:20.094+0100][gc,init] Periodic GC: Disabled
[2024-04-08T13:20:20.099+0100][gc,metaspace] CDS archive(s) mapped at: [0x0000009800000000-0x0000009800ca4000-0x0000009800ca4000), size 13254656, SharedBaseAddress: 0x0000009800000000, ArchiveRelocationMode: 1.
[2024-04-08T13:20:20.099+0100][gc,metaspace] Compressed class space mapped at: 0x0000009801000000-0x0000009841000000, reserved size: 1073741824
[2024-04-08T13:20:20.099+0100][gc,metaspace] Narrow klass base: 0x0000009800000000, Narrow klass shift: 0, Narrow klass range: 0x100000000
[2024-04-08T13:20:20.761+0100][gc,start    ] GC(0) Pause Young (Normal) (G1 Evacuation Pause)
[2024-04-08T13:20:20.761+0100][gc,task     ] GC(0) Using 8 workers of 8 for evacuation
[2024-04-08T13:20:20.764+0100][gc,phases   ] GC(0)   Pre Evacuate Collection Set: 0.2ms
[2024-04-08T13:20:20.764+0100][gc,phases   ] GC(0)   Merge Heap Roots: 0.1ms
[2024-04-08T13:20:20.764+0100][gc,phases   ] GC(0)   Evacuate Collection Set: 2.4ms
[2024-04-08T13:20:20.764+0100][gc,phases   ] GC(0)   Post Evacuate Collection Set: 0.4ms
[2024-04-08T13:20:20.764+0100][gc,phases   ] GC(0)   Other: 0.2ms
[2024-04-08T13:20:20.764+0100][gc,heap     ] GC(0) Eden regions: 25->0(21)
[2024-04-08T13:20:20.764+0100][gc,heap     ] GC(0) Survivor regions: 0->4(4)
[2024-04-08T13:20:20.764+0100][gc,heap     ] GC(0) Old regions: 2->6
[2024-04-08T13:20:20.764+0100][gc,heap     ] GC(0) Humongous regions: 0->0
[2024-04-08T13:20:20.764+0100][gc,metaspace] GC(0) Metaspace: 8350K(8640K)->8350K(8640K) NonClass: 7463K(7616K)->7463K(7616K) Class: 886K(1024K)->886K(1024K)
[2024-04-08T13:20:20.764+0100][gc          ] GC(0) Pause Young (Normal) (G1 Evacuation Pause) 26M->8M(512M) 3.429ms
[2024-04-08T13:20:20.764+0100][gc,cpu      ] GC(0) User=0.01s Sys=0.01s Real=0.00s
[2024-04-08T13:21:33.360+0100][gc,heap,exit] Heap
[2024-04-08T13:21:33.360+0100][gc,heap,exit]  garbage-first heap   total 524288K, used 14732K [0x00000007e0000000, 0x0000000800000000)
[2024-04-08T13:21:33.360+0100][gc,heap,exit]   region size 1024K, 10 young (10240K), 4 survivors (4096K)
[2024-04-08T13:21:33.360+0100][gc,heap,exit]  Metaspace       used 9063K, committed 9280K, reserved 1114112K
[2024-04-08T13:21:33.360+0100][gc,heap,exit]   class space    used 972K, committed 1088K, reserved 1048576K
